Archive member included because of file (symbol)

/home/osek/nxtOSEK/ecrobot/../ecrobot/libecrobot.a(ecrobot_device_hook.o)
                              build/ecrobot.o (ecrobot_device_initialize)
/home/osek/nxtOSEK/ecrobot/../ecrobot/libecrobot.a(ecrobot_interface.o)
                              build/ecrobot_base.o (ecrobot_get_battery_voltage)
/home/osek/nxtOSEK/ecrobot/../ecrobot/libecrobot.a(colorsensor.o)
                              /home/osek/nxtOSEK/ecrobot/../ecrobot/libecrobot.a(ecrobot_interface.o) (colorsensor_init)
/home/osek/nxtOSEK/ecrobot/../ecrobot/libecrobot.a(osek_hook.o)
                              build/kernel/osctl.o (StartupHook)
/home/osek/nxtOSEK/ecrobot/../ecrobot/libecrobot.a(uart.oram)
                              build/config/at91sam7s-gnu/irq.oram (uart_isr_C_0)
/home/osek/nxtOSEK/ecrobot/../ecrobot/libecrobot.a(systick.oram)
                              build/syslib/at91sam7s-gnu/lego_nxt/hw_sys_timer.oram (systick_low_priority_C)
/home/osek/nxtOSEK/ecrobot/../ecrobot/libecrobot.a(byte_fifo.oram)
                              /home/osek/nxtOSEK/ecrobot/../ecrobot/libecrobot.a(uart.oram) (byte_fifo_put)
/home/osek/nxtOSEK/ecrobot/../ecrobot/libecrobot.a(aic.oram)
                              /home/osek/nxtOSEK/ecrobot/../ecrobot/libecrobot.a(uart.oram) (aic_set_vector)
/home/osek/nxtOSEK/ecrobot/../ecrobot/libecrobot.a(udp.oram)
                              build/config/at91sam7s-gnu/irq.oram (udp_isr_C)
/home/osek/nxtOSEK/ecrobot/../ecrobot/libecrobot.a(twi.oram)
                              build/config/at91sam7s-gnu/irq.oram (twi_isr_C)
/home/osek/nxtOSEK/ecrobot/../ecrobot/libecrobot.a(nxt_spi.oram)
                              build/config/at91sam7s-gnu/irq.oram (spi_isr_C)
/home/osek/nxtOSEK/ecrobot/../ecrobot/libecrobot.a(nxt_motors.oram)
                              build/motortest.o (nxt_motor_get_count)
/home/osek/nxtOSEK/ecrobot/../ecrobot/libecrobot.a(data_abort.oram)
                              build/ecrobot_init.o (data_abort_C)
/home/osek/nxtOSEK/ecrobot/../ecrobot/libecrobot.a(display.oram)
                              build/ecrobot_base.o (display_update)
/home/osek/nxtOSEK/ecrobot/../ecrobot/libecrobot.a(i2c.oram)
                              build/config/at91sam7s-gnu/irq.oram (i2c_timer_isr_C)
/home/osek/nxtOSEK/ecrobot/../ecrobot/libecrobot.a(sound.oram)
                              /home/osek/nxtOSEK/ecrobot/../ecrobot/libecrobot.a(ecrobot_interface.o) (sound_get_time)
/home/osek/nxtOSEK/ecrobot/../ecrobot/libecrobot.a(bt.oram)
                              build/ecrobot_bluetooth.o (bt_send)
/home/osek/nxtOSEK/ecrobot/../ecrobot/libecrobot.a(nxt_avr.oram)
                              build/ecrobot_base.o (nxt_avr_power_down)
/home/osek/nxtOSEK/ecrobot/../ecrobot/libecrobot.a(sensors.oram)
                              /home/osek/nxtOSEK/ecrobot/../ecrobot/libecrobot.a(ecrobot_interface.o) (unset_digi0)
/home/osek/nxtOSEK/ecrobot/../ecrobot/libecrobot.a(sensors1.oram)
                              /home/osek/nxtOSEK/ecrobot/../ecrobot/libecrobot.a(colorsensor.o) (sensor_pins)
/home/osek/nxtOSEK/ecrobot/../ecrobot/libecrobot.a(nxt_lcd.oram)
                              /home/osek/nxtOSEK/ecrobot/../ecrobot/libecrobot.a(display.oram) (nxt_lcd_force_update)
/home/osek/nxtOSEK/ecrobot/../ecrobot/libecrobot.a(flash_loader.oram)
                              build/ecrobot.o (set_flash_request)
/home/osek/nxtOSEK/ecrobot/../ecrobot/libecrobot.a(interrupts.oram)
                              /home/osek/nxtOSEK/ecrobot/../ecrobot/libecrobot.a(uart.oram) (interrupts_get_and_disable)
/home/osek/nxtOSEK/ecrobot/../ecrobot/libecrobot.a(nxtosek_splash.obmp)
                              build/ecrobot_base.o (nxtosek_splash_bmp_start)
/home/osek/nxtOSEK/ecrobot/../ecrobot/libecrobot.a(ecrobot_usb.o)
                              /home/osek/nxtOSEK/ecrobot/../ecrobot/libecrobot.a(flash_loader.oram) (ecrobot_init_usb)
/home/osek/nxtOSEK/ecrobot/../ecrobot/libecrobot.a(flashprog.oram)
                              /home/osek/nxtOSEK/ecrobot/../ecrobot/libecrobot.a(flash_loader.oram) (flash_write_page)
/home/osek/gnuarm/lib/gcc/arm-elf/4.4.2/thumb/interwork/libgcc.a(_udivsi3.o)
                              build/ecrobot_base.o (__udivsi3)
/home/osek/gnuarm/lib/gcc/arm-elf/4.4.2/thumb/interwork/libgcc.a(_divsi3.o)
                              /home/osek/nxtOSEK/ecrobot/../ecrobot/libecrobot.a(uart.oram) (__divsi3)
/home/osek/gnuarm/lib/gcc/arm-elf/4.4.2/thumb/interwork/libgcc.a(_umodsi3.o)
                              /home/osek/nxtOSEK/ecrobot/../ecrobot/libecrobot.a(display.oram) (__umodsi3)
/home/osek/gnuarm/lib/gcc/arm-elf/4.4.2/thumb/interwork/libgcc.a(_modsi3.o)
                              /home/osek/nxtOSEK/ecrobot/../ecrobot/libecrobot.a(sound.oram) (__modsi3)
/home/osek/gnuarm/lib/gcc/arm-elf/4.4.2/thumb/interwork/libgcc.a(_dvmd_tls.o)
[...]
Memory Configuration

Name             Origin             Length             Attributes
vector_ram       0x00200000         0x00000040
ram              0x00200040         0x0000ffc0
*default*        0x00000000         0xffffffff

Linker script and memory map

LOAD build/kernel/alarm.o
LOAD build/kernel/event.o
LOAD build/kernel/interrupt.o
LOAD build/kernel/osctl.o
LOAD build/kernel/resource.o
LOAD build/kernel/task.o
LOAD build/kernel/task_manage.o
LOAD build/config/at91sam7s-gnu/cpu_config.o
LOAD build/config/at91sam7s-gnu/lego_nxt/sys_config.o
LOAD build/./kernel_cfg.o
LOAD build/syscalls.o
LOAD build/ecrobot_bluetooth.o
LOAD build/ecrobot_base.o
LOAD build/ecrobot.o
LOAD build/motortest.o
LOAD build/syslib/at91sam7s-gnu/lego_nxt/hw_sys_timer.oram
LOAD build/nxtvm/platform/nxt/vectors.o
LOAD build/config/at91sam7s-gnu/debug.o
LOAD build/config/at91sam7s-gnu/lego_nxt/sys_support.o
LOAD build/nxt_binary_header.o
LOAD build/nxt_entry_point.o
LOAD build/ecrobot_init.o
LOAD build/config/at91sam7s-gnu/cpu_support.oram
LOAD build/config/at91sam7s-gnu/irq.oram
LOAD /home/osek/nxtOSEK/ecrobot/../c++/liblejososek.a
LOAD /home/osek/nxtOSEK/ecrobot/../ecrobot/libecrobot.a
LOAD /home/osek/gnuarm/lib/gcc/arm-elf/4.4.2/../../../../arm-elf/lib/thumb/interwork/libstdc++.a
LOAD /home/osek/gnuarm/lib/gcc/arm-elf/4.4.2/../../../../arm-elf/lib/thumb/interwork/libm.a
START GROUP
LOAD /home/osek/gnuarm/lib/gcc/arm-elf/4.4.2/thumb/interwork/libgcc.a
LOAD /home/osek/gnuarm/lib/gcc/arm-elf/4.4.2/../../../../arm-elf/lib/thumb/interwork/libc.a
END GROUP
                0x00200000                RAM_BASE = 0x200000
                0x00010000                RAM_SIZE = 0x10000

.samba_reserved
                0x00200040     0x1fc0
                0x00202000                . = 0x1fc0
 *fill*         0x00200040     0x1fc0 00
                0x00200040                __samba_ram_start__ = ADDR (.samba_reserved)
                0x00202000                __samba_ram_end__ = (__samba_ram_start__ + SIZEOF (.samba_reserved))

.vectors        0x00200000       0x40 load address 0x00202000
 vectors.o(*.text *.text.*)
 .text          0x00200000       0x38 build/nxtvm/platform/nxt/vectors.o
                0x00200040                . = ALIGN (0x10)
 *fill*         0x00200038        0x8 00
                0x00200000                __vectors_ram_start__ = ADDR (.vectors)
                0x00200040                __vectors_ram_end__ = (ADDR (.vectors) + SIZEOF (.vectors))
                0x00202000                __vectors_load_start__ = LOADADDR (.vectors)
                0x00202040                __vectors_load_end__ = (LOADADDR (.vectors) + SIZEOF (.vectors))

.init           0x00202040      0x280
 *ecrobot_init.o(*.text *.text.*)
 .text          0x00202040      0x280 build/ecrobot_init.o
                0x00202040                start
                0x002021ac                undef_handler
                0x002021b0                swi_handler
                0x002021b4                prefetch_abort_handler
                0x002021b8                data_abort_handler
                0x002021d4                reserved_handler
                0x002022c0                . = ALIGN (0x10)

.ram_text       0x002022c0     0x2f80
                0x002022c0                . = ALIGN (0x10)
 *.oram(*.text *.text.* *.glue*)
 .text.systick_isr_C1
                0x002022c0       0x28 build/syslib/at91sam7s-gnu/lego_nxt/hw_sys_timer.oram
                0x002022c0                systick_isr_C1
 *fill*         0x002022e8        0x8 00
 .text          0x002022f0      0x230 build/config/at91sam7s-gnu/cpu_support.oram
                0x002022f0                dispatch
                0x00202330                activate_r
                0x00202360                exit_and_dispatch
                0x00202370                start_dispatch
                0x0020242c                _interrupt
                0x0020249c                int_return
                0x002024c8                disable_int
                0x002024d0                enable_int
                0x002024d8                nop
 .text          0x00202520      0x2c0 build/config/at91sam7s-gnu/irq.oram
                0x00202520                default_isr
                0x00202520                default_fiq
                0x00202520                spurious_isr
                0x00202524                systick_isr_entry
                0x0020256c                systick_low_priority_entry
                0x002025ac                udp_isr_entry
                0x002025ec                spi_isr_entry
                0x0020262c                twi_isr_entry
                0x0020266c                sound_isr_entry
                0x002026ac                uart_isr_entry_0
                0x002026ec                uart_isr_entry_1
                0x0020272c                nxt_motor_isr_entry
                0x0020276c                i2c_timer_isr_entry
 .text.uart_process_isr
                0x002027e0       0x88 /home/osek/nxtOSEK/ecrobot/../ecrobot/libecrobot.a(uart.oram)
 .text.uart_isr_C_0
                0x00202868        0xc /home/osek/nxtOSEK/ecrobot/../ecrobot/libecrobot.a(uart.oram)
                0x00202868                uart_isr_C_0
 .text.uart_isr_C_1
                0x00202874        0xc /home/osek/nxtOSEK/ecrobot/../ecrobot/libecrobot.a(uart.oram)
                0x00202874                uart_isr_C_1
 .text.systick_low_priority_C
                0x00202880       0x1c /home/osek/nxtOSEK/ecrobot/../ecrobot/libecrobot.a(systick.oram)
                0x00202880                systick_low_priority_C
 .text.systick_isr_C
                0x0020289c       0x24 /home/osek/nxtOSEK/ecrobot/../ecrobot/libecrobot.a(systick.oram)
                0x0020289c                systick_isr_C
 .text.systick_get_ms
                0x002028c0        0xc /home/osek/nxtOSEK/ecrobot/../ecrobot/libecrobot.a(systick.oram)
                0x002028c0                systick_get_ms
 .text.systick_wait_ms
                0x002028cc       0x1c /home/osek/nxtOSEK/ecrobot/../ecrobot/libecrobot.a(systick.oram)
                0x002028cc                systick_wait_ms
 .text.systick_wait_ns
                0x002028e8       0x1c /home/osek/nxtOSEK/ecrobot/../ecrobot/libecrobot.a(systick.oram)
                0x002028e8                systick_wait_ns
 .text.systick_init
                0x00202904       0x58 /home/osek/nxtOSEK/ecrobot/../ecrobot/libecrobot.a(systick.oram)
                0x00202904                systick_init
 .text.systick_suspend
                0x0020295c        0xc /home/osek/nxtOSEK/ecrobot/../ecrobot/libecrobot.a(systick.oram)
                0x0020295c                systick_suspend
 .text.systick_resume
                0x00202968        0xc /home/osek/nxtOSEK/ecrobot/../ecrobot/libecrobot.a(systick.oram)
                0x00202968                systick_resume
 .text.byte_fifo_put
                0x00202974       0x58 /home/osek/nxtOSEK/ecrobot/../ecrobot/libecrobot.a(byte_fifo.oram)
                0x00202974                byte_fifo_put
 .text.byte_fifo_get
                0x002029cc       0x2c /home/osek/nxtOSEK/ecrobot/../ecrobot/libecrobot.a(byte_fifo.oram)
                0x002029cc                byte_fifo_get
 .text.aic_initialise
                0x002029f8       0x5c /home/osek/nxtOSEK/ecrobot/../ecrobot/libecrobot.a(aic.oram)
                0x002029f8                aic_initialise
 .text.aic_set_vector
                0x00202a54       0x30 /home/osek/nxtOSEK/ecrobot/../ecrobot/libecrobot.a(aic.oram)
                0x00202a54                aic_set_vector
 .text.aic_mask_on
                0x00202a84       0x24 /home/osek/nxtOSEK/ecrobot/../ecrobot/libecrobot.a(aic.oram)
                0x00202a84                aic_mask_on
 .text.aic_mask_off
                0x00202aa8       0x24 /home/osek/nxtOSEK/ecrobot/../ecrobot/libecrobot.a(aic.oram)
                0x00202aa8                aic_mask_off
 .text.aic_clear
                0x00202acc       0x24 /home/osek/nxtOSEK/ecrobot/../ecrobot/libecrobot.a(aic.oram)
                0x00202acc                aic_clear
 .text.reset    0x00202af0       0x4c /home/osek/nxtOSEK/ecrobot/../ecrobot/libecrobot.a(udp.oram)
 .text.udp_send_null
                0x00202b3c       0x2c /home/osek/nxtOSEK/ecrobot/../ecrobot/libecrobot.a(udp.oram)
 .text.udp_send_stall
                0x00202b68       0x2c /home/osek/nxtOSEK/ecrobot/../ecrobot/libecrobot.a(udp.oram)
 .text.udp_send_control
                0x00202b94       0x60 /home/osek/nxtOSEK/ecrobot/../ecrobot/libecrobot.a(udp.oram)
 .text.udp_isr_C
                0x00202bf4      0x7d0 /home/osek/nxtOSEK/ecrobot/../ecrobot/libecrobot.a(udp.oram)
                0x00202bf4                udp_isr_C
 .text.twi_status
                0x002033c4       0x20 /home/osek/nxtOSEK/ecrobot/../ecrobot/libecrobot.a(twi.oram)
                0x002033c4                twi_status
 .text.twi_isr_C
                0x002033e4       0xc4 /home/osek/nxtOSEK/ecrobot/../ecrobot/libecrobot.a(twi.oram)
                0x002033e4                twi_isr_C
 .text.twi_reset
                0x002034a8       0xb4 /home/osek/nxtOSEK/ecrobot/../ecrobot/libecrobot.a(twi.oram)
                0x002034a8                twi_reset
 .text.twi_init
                0x0020355c       0x4c /home/osek/nxtOSEK/ecrobot/../ecrobot/libecrobot.a(twi.oram)
                0x0020355c                twi_init
 .text.twi_start_read
                0x002035a8       0x60 /home/osek/nxtOSEK/ecrobot/../ecrobot/libecrobot.a(twi.oram)
                0x002035a8                twi_start_read
 .text.twi_start_write
                0x00203608       0x64 /home/osek/nxtOSEK/ecrobot/../ecrobot/libecrobot.a(twi.oram)
                0x00203608                twi_start_write
 .text.spi_set_mode
                0x0020366c       0x40 /home/osek/nxtOSEK/ecrobot/../ecrobot/libecrobot.a(nxt_spi.oram)
 .text.spi_isr_C
                0x002036ac       0x8c /home/osek/nxtOSEK/ecrobot/../ecrobot/libecrobot.a(nxt_spi.oram)
                0x002036ac                spi_isr_C
 .text.nxt_spi_init
                0x00203738      0x12c /home/osek/nxtOSEK/ecrobot/../ecrobot/libecrobot.a(nxt_spi.oram)
                0x00203738                nxt_spi_init
 .text.nxt_spi_write
                0x00203864       0x44 /home/osek/nxtOSEK/ecrobot/../ecrobot/libecrobot.a(nxt_spi.oram)
                0x00203864                nxt_spi_write
 .text.nxt_spi_set_display
                0x002038a8       0x10 /home/osek/nxtOSEK/ecrobot/../ecrobot/libecrobot.a(nxt_spi.oram)
                0x002038a8                nxt_spi_set_display
 .text.nxt_spi_refresh
                0x002038b8       0x24 /home/osek/nxtOSEK/ecrobot/../ecrobot/libecrobot.a(nxt_spi.oram)
                0x002038b8                nxt_spi_refresh
 .text.nxt_motor_get_count
                0x002038dc       0x14 /home/osek/nxtOSEK/ecrobot/../ecrobot/libecrobot.a(nxt_motors.oram)
                0x002038dc                nxt_motor_get_count
 .text.nxt_motor_set_count
                0x002038f0       0x10 /home/osek/nxtOSEK/ecrobot/../ecrobot/libecrobot.a(nxt_motors.oram)
                0x002038f0                nxt_motor_set_count
 .text.nxt_motor_set_speed
                0x00203900       0x34 /home/osek/nxtOSEK/ecrobot/../ecrobot/libecrobot.a(nxt_motors.oram)
                0x00203900                nxt_motor_set_speed
 .text.nxt_motor_1kHz_process
                0x00203934       0x28 /home/osek/nxtOSEK/ecrobot/../ecrobot/libecrobot.a(nxt_motors.oram)
                0x00203934                nxt_motor_1kHz_process
 .text.nxt_motor_quad_decode
                0x0020395c       0x30 /home/osek/nxtOSEK/ecrobot/../ecrobot/libecrobot.a(nxt_motors.oram)
                0x0020395c                nxt_motor_quad_decode
 .text.nxt_motor_isr_C
                0x0020398c       0x88 /home/osek/nxtOSEK/ecrobot/../ecrobot/libecrobot.a(nxt_motors.oram)
                0x0020398c                nxt_motor_isr_C
 .text.nxt_motor_init
                0x00203a14       0x68 /home/osek/nxtOSEK/ecrobot/../ecrobot/libecrobot.a(nxt_motors.oram)
                0x00203a14                nxt_motor_init
 .text.data_abort_C
                0x00203a7c       0x7c /home/osek/nxtOSEK/ecrobot/../ecrobot/libecrobot.a(data_abort.oram)
                0x00203a7c                data_abort_C
 .text.display_update
                0x00203af8       0x14 /home/osek/nxtOSEK/ecrobot/../ecrobot/libecrobot.a(display.oram)
                0x00203af8                display_update
 .text.display_force_update
                0x00203b0c        0xc /home/osek/nxtOSEK/ecrobot/../ecrobot/libecrobot.a(display.oram)
                0x00203b0c                display_force_update
 .text.display_clear
                0x00203b18       0x24 /home/osek/nxtOSEK/ecrobot/../ecrobot/libecrobot.a(display.oram)
                0x00203b18                display_clear
 .text.display_goto_xy
                0x00203b3c       0x14 /home/osek/nxtOSEK/ecrobot/../ecrobot/libecrobot.a(display.oram)
                0x00203b3c                display_goto_xy
 .text.display_char
                0x00203b50       0x60 /home/osek/nxtOSEK/ecrobot/../ecrobot/libecrobot.a(display.oram)
                0x00203b50                display_char
 .text.display_string
                0x00203bb0       0x3c /home/osek/nxtOSEK/ecrobot/../ecrobot/libecrobot.a(display.oram)
                0x00203bb0                display_string
 .text.display_hex
                0x00203bec       0x50 /home/osek/nxtOSEK/ecrobot/../ecrobot/libecrobot.a(display.oram)
                0x00203bec                display_hex
 .text.display_unsigned_worker
                0x00203c3c       0x70 /home/osek/nxtOSEK/ecrobot/../ecrobot/libecrobot.a(display.oram)
 .text.display_unsigned
                0x00203cac        0xc /home/osek/nxtOSEK/ecrobot/../ecrobot/libecrobot.a(display.oram)
                0x00203cac                display_unsigned
 .text.display_int
                0x00203cb8       0x14 /home/osek/nxtOSEK/ecrobot/../ecrobot/libecrobot.a(display.oram)
                0x00203cb8                display_int
 .text.display_bitmap_copy
                0x00203ccc       0x5c /home/osek/nxtOSEK/ecrobot/../ecrobot/libecrobot.a(display.oram)
                0x00203ccc                display_bitmap_copy
 .text.display_init
                0x00203d28       0x50 /home/osek/nxtOSEK/ecrobot/../ecrobot/libecrobot.a(display.oram)
                0x00203d28                display_init
 .text.i2c_timer_isr_C
                0x00203d78      0x314 /home/osek/nxtOSEK/ecrobot/../ecrobot/libecrobot.a(i2c.oram)
                0x00203d78                i2c_timer_isr_C
 .text.i2c_disable
                0x0020408c       0x20 /home/osek/nxtOSEK/ecrobot/../ecrobot/libecrobot.a(i2c.oram)
                0x0020408c                i2c_disable
 .text.i2c_init
                0x002040ac       0xa4 /home/osek/nxtOSEK/ecrobot/../ecrobot/libecrobot.a(i2c.oram)
                0x002040ac                i2c_init
 .text.sound_fill_sample_buffer
                0x00204150       0xe4 /home/osek/nxtOSEK/ecrobot/../ecrobot/libecrobot.a(sound.oram)
                0x00204150                sound_fill_sample_buffer
 .text.sound_init
                0x00204234       0xa0 /home/osek/nxtOSEK/ecrobot/../ecrobot/libecrobot.a(sound.oram)
                0x00204234                sound_init
 .text.sound_isr_C
                0x002042d4      0x144 /home/osek/nxtOSEK/ecrobot/../ecrobot/libecrobot.a(sound.oram)
                0x002042d4                sound_isr_C
 .text.bt_init  0x00204418      0x1c0 /home/osek/nxtOSEK/ecrobot/../ecrobot/libecrobot.a(bt.oram)
                0x00204418                bt_init
 .text.nxt_avr_power_down
                0x002045d8       0x10 /home/osek/nxtOSEK/ecrobot/../ecrobot/libecrobot.a(nxt_avr.oram)
                0x002045d8                nxt_avr_power_down
 .text.nxt_avr_link_init
                0x002045e8       0x20 /home/osek/nxtOSEK/ecrobot/../ecrobot/libecrobot.a(nxt_avr.oram)
                0x002045e8                nxt_avr_link_init
 .text.nxt_avr_init
                0x00204608       0x6c /home/osek/nxtOSEK/ecrobot/../ecrobot/libecrobot.a(nxt_avr.oram)
                0x00204608                nxt_avr_init
 .text.nxt_avr_1kHz_update
                0x00204674      0x1cc /home/osek/nxtOSEK/ecrobot/../ecrobot/libecrobot.a(nxt_avr.oram)
                0x00204674                nxt_avr_1kHz_update
 .text.buttons_get
                0x00204840        0xc /home/osek/nxtOSEK/ecrobot/../ecrobot/libecrobot.a(nxt_avr.oram)
                0x00204840                buttons_get
 .text.battery_voltage
                0x0020484c       0x28 /home/osek/nxtOSEK/ecrobot/../ecrobot/libecrobot.a(nxt_avr.oram)
                0x0020484c                battery_voltage
 .text.nxt_avr_set_motor
                0x00204874       0x34 /home/osek/nxtOSEK/ecrobot/../ecrobot/libecrobot.a(nxt_avr.oram)
                0x00204874                nxt_avr_set_motor
 .text.nxt_avr_set_input_power
                0x002048a8       0x3c /home/osek/nxtOSEK/ecrobot/../ecrobot/libecrobot.a(nxt_avr.oram)
                0x002048a8                nxt_avr_set_input_power
 .text.unset_digi0
                0x002048e4       0x44 /home/osek/nxtOSEK/ecrobot/../ecrobot/libecrobot.a(sensors.oram)
                0x002048e4                unset_digi0
 .text.unset_digi1
                0x00204928       0x44 /home/osek/nxtOSEK/ecrobot/../ecrobot/libecrobot.a(sensors.oram)
                0x00204928                unset_digi1
 .text.init_sensors
                0x0020496c       0x4c /home/osek/nxtOSEK/ecrobot/../ecrobot/libecrobot.a(sensors.oram)
                0x0020496c                init_sensors
 .text.nxt_lcd_command
                0x002049b8       0x18 /home/osek/nxtOSEK/ecrobot/../ecrobot/libecrobot.a(nxt_lcd.oram)
                0x002049b8                nxt_lcd_command
 .text.nxt_lcd_set_col
                0x002049d0       0x24 /home/osek/nxtOSEK/ecrobot/../ecrobot/libecrobot.a(nxt_lcd.oram)
                0x002049d0                nxt_lcd_set_col
 .text.nxt_lcd_set_multiplex_rate
                0x002049f4       0x18 /home/osek/nxtOSEK/ecrobot/../ecrobot/libecrobot.a(nxt_lcd.oram)
                0x002049f4                nxt_lcd_set_multiplex_rate
 .text.nxt_lcd_set_page_address
                0x00204a0c       0x18 /home/osek/nxtOSEK/ecrobot/../ecrobot/libecrobot.a(nxt_lcd.oram)
                0x00204a0c                nxt_lcd_set_page_address
 .text.nxt_lcd_set_pot
                0x00204a24       0x1c /home/osek/nxtOSEK/ecrobot/../ecrobot/libecrobot.a(nxt_lcd.oram)
                0x00204a24                nxt_lcd_set_pot
 .text.nxt_lcd_set_ram_address_control
                0x00204a40       0x18 /home/osek/nxtOSEK/ecrobot/../ecrobot/libecrobot.a(nxt_lcd.oram)
                0x00204a40                nxt_lcd_set_ram_address_control
 .text.nxt_lcd_enable
                0x00204a58       0x14 /home/osek/nxtOSEK/ecrobot/../ecrobot/libecrobot.a(nxt_lcd.oram)
                0x00204a58                nxt_lcd_enable
 .text.nxt_lcd_set_map_control
                0x00204a6c       0x18 /home/osek/nxtOSEK/ecrobot/../ecrobot/libecrobot.a(nxt_lcd.oram)
                0x00204a6c                nxt_lcd_set_map_control
 .text.nxt_lcd_reset
                0x00204a84        0xc /home/osek/nxtOSEK/ecrobot/../ecrobot/libecrobot.a(nxt_lcd.oram)
                0x00204a84                nxt_lcd_reset
 .text.nxt_lcd_set_bias_ratio
                0x00204a90       0x18 /home/osek/nxtOSEK/ecrobot/../ecrobot/libecrobot.a(nxt_lcd.oram)
                0x00204a90                nxt_lcd_set_bias_ratio
 .text.nxt_lcd_force_update
                0x00204aa8       0x30 /home/osek/nxtOSEK/ecrobot/../ecrobot/libecrobot.a(nxt_lcd.oram)
                0x00204aa8                nxt_lcd_force_update
 .text.nxt_lcd_update
                0x00204ad8        0xc /home/osek/nxtOSEK/ecrobot/../ecrobot/libecrobot.a(nxt_lcd.oram)
                0x00204ad8                nxt_lcd_update
 .text.nxt_lcd_power_up
                0x00204ae4       0x48 /home/osek/nxtOSEK/ecrobot/../ecrobot/libecrobot.a(nxt_lcd.oram)
                0x00204ae4                nxt_lcd_power_up
 .text.nxt_lcd_power_down
                0x00204b2c        0xc /home/osek/nxtOSEK/ecrobot/../ecrobot/libecrobot.a(nxt_lcd.oram)
                0x00204b2c                nxt_lcd_power_down
 .text.nxt_lcd_init
                0x00204b38       0x18 /home/osek/nxtOSEK/ecrobot/../ecrobot/libecrobot.a(nxt_lcd.oram)
                0x00204b38                nxt_lcd_init
 .text.verify_flash_page
                0x00204b50       0x34 /home/osek/nxtOSEK/ecrobot/../ecrobot/libecrobot.a(flash_loader.oram)
 .text.set_flash_request
                0x00204b84       0x38 /home/osek/nxtOSEK/ecrobot/../ecrobot/libecrobot.a(flash_loader.oram)
                0x00204b84                set_flash_request
 .text.nxt_device_init
                0x00204bbc       0x38 /home/osek/nxtOSEK/ecrobot/../ecrobot/libecrobot.a(flash_loader.oram)
                0x00204bbc                nxt_device_init
 .text          0x00204bf4       0x68 /home/osek/nxtOSEK/ecrobot/../ecrobot/libecrobot.a(interrupts.oram)
                0x00204bf4                interrupts_get_and_disable
                0x00204c18                interrupts_enable
                0x00204c28                fiq_get_and_disable
                0x00204c4c                fiq_enable
 .text.flash_write_page
                0x00204c5c       0xc0 /home/osek/nxtOSEK/ecrobot/../ecrobot/libecrobot.a(flashprog.oram)
                0x00204c5c                flash_write_page
                0x00204d20                . = ALIGN (0x10)
 *fill*         0x00204d1c        0x4 00
 *.oram(*.rodata *.rodata.*)
 .rodata.ld     0x00204d20        0x4 /home/osek/nxtOSEK/ecrobot/../ecrobot/libecrobot.a(udp.oram)
 .rodata.cfd    0x00204d24       0x20 /home/osek/nxtOSEK/ecrobot/../ecrobot/libecrobot.a(udp.oram)
 .rodata.dd     0x00204d44       0x12 /home/osek/nxtOSEK/ecrobot/../ecrobot/libecrobot.a(udp.oram)
 *fill*         0x00204d56        0x2 00
 .rodata.str1.4
                0x00204d58       0x22 /home/osek/nxtOSEK/ecrobot/../ecrobot/libecrobot.a(data_abort.oram)
                                 0x24 (size before relaxing)
 .rodata.font   0x00204d7a      0x280 /home/osek/nxtOSEK/ecrobot/../ecrobot/libecrobot.a(display.oram)
 *fill*         0x00204ffa        0x2 00
 .rodata.str1.4
                0x00204ffc       0x76 /home/osek/nxtOSEK/ecrobot/../ecrobot/libecrobot.a(display.oram)
                                 0x78 (size before relaxing)
 *fill*         0x00205072        0x2 00
 .rodata.i2c_pin
                0x00205074       0x20 /home/osek/nxtOSEK/ecrobot/../ecrobot/libecrobot.a(i2c.oram)
 .rodata.i2c_timer_isr_C
                0x00205094       0x38 /home/osek/nxtOSEK/ecrobot/../ecrobot/libecrobot.a(i2c.oram)
 .rodata.silence
                0x002050cc       0x40 /home/osek/nxtOSEK/ecrobot/../ecrobot/libecrobot.a(sound.oram)
                0x002050cc                silence
 .rodata.sample_pattern
                0x0020510c       0x84 /home/osek/nxtOSEK/ecrobot/../ecrobot/libecrobot.a(sound.oram)
                0x0020510c                sample_pattern
 .rodata        0x00205190        0xc /home/osek/nxtOSEK/ecrobot/../ecrobot/libecrobot.a(sound.oram)
 .rodata.avr_brainwash_string
                0x0020519c       0x30 /home/osek/nxtOSEK/ecrobot/../ecrobot/libecrobot.a(nxt_avr.oram)
                0x0020519c                avr_brainwash_string
 .rodata.nxt_avr_1kHz_update
                0x002051cc       0x14 /home/osek/nxtOSEK/ecrobot/../ecrobot/libecrobot.a(nxt_avr.oram)
 .rodata.C.33.1823
                0x002051e0       0x10 /home/osek/nxtOSEK/ecrobot/../ecrobot/libecrobot.a(sensors.oram)
 .rodata.C.37.1857
                0x002051f0       0x10 /home/osek/nxtOSEK/ecrobot/../ecrobot/libecrobot.a(sensors.oram)
 .rodata.str1.4
                0x00205200       0x24 /home/osek/nxtOSEK/ecrobot/../ecrobot/libecrobot.a(flash_loader.oram)
 *fill*         0x00205224        0x4 00
 .rodata.str1.4.stub
                0x00205228       0x10 linker stubs
                0x00205240                . = ALIGN (0x10)
 *fill*         0x00205238        0x8 00
                0x002022c0                __ramtext_ram_start__ = ADDR (.ram_text)
                0x00205240                __ramtext_ram_end__ = (ADDR (.ram_text) + SIZEOF (.ram_text))
                0x002022c0                __ramtext_load_start__ = LOADADDR (.ram_text)
                0x00205240                __ramtext_load_end__ = (__ramtext_load_start__ + SIZEOF (.ram_text))

.wav_data       0x00205240        0x0
 *.owav(*.data *.data.*)
                0x00205240                . = ALIGN (0x10)

.bmp_data       0x00205240      0x440
 *.obmp(*.data *.data.*)
 .data          0x00205240      0x43e /home/osek/nxtOSEK/ecrobot/../ecrobot/libecrobot.a(nxtosek_splash.obmp)
                0x00205240                nxtosek_splash_bmp_start
                0x0020567e                nxtosek_splash_bmp_end
                0x00205680                . = ALIGN (0x10)
 *fill*         0x0020567e        0x2 00

.spr_data       0x00205680        0x0
 *.ospr(*.data *.data.*)
                0x00205680                . = ALIGN (0x10)

.data           0x00205680       0x60
 *(*.data *.data.*)
 .data.deviceStatus
                0x00205680        0x1 /home/osek/nxtOSEK/ecrobot/../ecrobot/libecrobot.a(ecrobot_interface.o)
 .data.named    0x00205681       0x22 /home/osek/nxtOSEK/ecrobot/../ecrobot/libecrobot.a(udp.oram)
 .data.snd      0x002056a3       0x1a /home/osek/nxtOSEK/ecrobot/../ecrobot/libecrobot.a(udp.oram)
 *fill*         0x002056bd        0x3 00
 .data.configured
                0x002056c0        0x4 /home/osek/nxtOSEK/ecrobot/../ecrobot/libecrobot.a(udp.oram)
 .data.mode     0x002056c4        0x1 /home/osek/nxtOSEK/ecrobot/../ecrobot/libecrobot.a(nxt_spi.oram)
                0x002056c4                mode
 *fill*         0x002056c5        0x3 00
 .bss.data      0x002056c8        0x4 /home/osek/nxtOSEK/ecrobot/../ecrobot/libecrobot.a(nxt_spi.oram)
                0x002056c8                data
 .data.display_auto_update
                0x002056cc        0x4 /home/osek/nxtOSEK/ecrobot/../ecrobot/libecrobot.a(display.oram)
                0x002056cc                display_auto_update
 .data.display_buffer
                0x002056d0        0x4 /home/osek/nxtOSEK/ecrobot/../ecrobot/libecrobot.a(display.oram)
                0x002056e0                . = ALIGN (0x10)
 *fill*         0x002056d4        0xc 00
                0x00205680                __data_ram_start__ = ADDR (.data)
                0x002056e0                __data_ram_end__ = (ADDR (.data) + SIZEOF (.data))
                0x00205680                __data_load_start__ = LOADADDR (.data)
                0x002056e0                __data_load_end__ = (__data_load_start__ + SIZEOF (.data))

.text           0x002056e0     0x1190
                0x002056e0                . = ALIGN (0x10)
 *(*.text *.text.* *.glue*)
 .glue_7        0x002056e0       0x18 linker stubs
                0x002056e0                __call_posttaskhook_from_arm
                0x002056ec                __call_pretaskhook_from_arm
 .glue_7t       0x00000000        0x0 linker stubs
 .text.enqueue_alarm
                0x002056f8       0x94 build/kernel/alarm.o
 .text.alarm_initialize
                0x0020578c       0x98 build/kernel/alarm.o
                0x0020578c                alarm_initialize
 .text.unlock_cpu
                0x00205824        0xc build/kernel/alarm.o
 .text.lock_cpu
                0x00205830        0xc build/kernel/alarm.o
 .text.SignalCounter
                0x0020583c      0x128 build/kernel/alarm.o
                0x0020583c                SignalCounter
 .text.ShutdownOS
                0x00205964       0x4c build/kernel/osctl.o
                0x00205964                ShutdownOS
 .text.StartOS  0x002059b0       0x58 build/kernel/osctl.o
                0x002059b0                StartOS
 .text.call_pretaskhook
                0x00205a08       0x24 build/kernel/osctl.o
                0x00205a08                call_pretaskhook
 .text.call_posttaskhook
                0x00205a2c       0x24 build/kernel/osctl.o
                0x00205a2c                call_posttaskhook
 .text.call_errorhook
                0x00205a50       0x78 build/kernel/osctl.o
                0x00205a50                call_errorhook
 .text.make_runnable
                0x00205ac8       0xa4 build/kernel/task.o
                0x00205ac8                make_runnable
 .text.make_active
                0x00205b6c       0x78 build/kernel/task.o
                0x00205b6c                make_active
 .text.task_initialize
                0x00205be4       0x88 build/kernel/task.o
                0x00205be4                task_initialize
 .text.search_schedtsk
                0x00205c6c       0x90 build/kernel/task.o
                0x00205c6c                search_schedtsk
 .text.unlock_cpu
                0x00205cfc        0xc build/kernel/task_manage.o
 .text.lock_cpu
                0x00205d08        0xc build/kernel/task_manage.o
 .text.ActivateTask
                0x00205d14       0x8c build/kernel/task_manage.o
                0x00205d14                ActivateTask
 .text.TerminateTask
                0x00205da0       0x74 build/kernel/task_manage.o
                0x00205da0                TerminateTask
 .text.cpu_initialize
                0x00205e14        0x4 build/config/at91sam7s-gnu/cpu_config.o
                0x00205e14                cpu_initialize
 .text.cpu_terminate
                0x00205e18        0x4 build/config/at91sam7s-gnu/cpu_config.o
                0x00205e18                cpu_terminate
 .text.sys_initialize
                0x00205e1c        0x4 build/config/at91sam7s-gnu/lego_nxt/sys_config.o
                0x00205e1c                sys_initialize
 .text.sys_exit
                0x00205e20        0x4 build/config/at91sam7s-gnu/lego_nxt/sys_config.o
                0x00205e20                sys_exit
 .text._activate_alarm_al_100ms
                0x00205e24        0xc build/./kernel_cfg.o
 .text.object_initialize
                0x00205e30       0x10 build/./kernel_cfg.o
                0x00205e30                object_initialize
 .text.init_OS_flag
                0x00205e40        0xc build/ecrobot_base.o
                0x00205e40                init_OS_flag
 .text.set_OS_flag
                0x00205e4c        0xc build/ecrobot_base.o
                0x00205e4c                set_OS_flag
 .text.get_OS_flag
                0x00205e58        0xc build/ecrobot_base.o
                0x00205e58                get_OS_flag
 .text.cpp_constructor
                0x00205e64       0x28 build/ecrobot_base.o
                0x00205e64                cpp_constructor
 .text.cpp_destructor
                0x00205e8c       0x28 build/ecrobot_base.o
                0x00205e8c                cpp_destructor
 .text.execution_mode
                0x00205eb4       0x14 build/ecrobot_base.o
                0x00205eb4                execution_mode
 .text.check_NXT_buttons
                0x00205ec8       0x7c build/ecrobot_base.o
                0x00205ec8                check_NXT_buttons
 .text.add_status_info
                0x00205f44       0x68 build/ecrobot_base.o
                0x00205f44                add_status_info
 .text.show_main_screen
                0x00205fac       0x48 build/ecrobot_base.o
                0x00205fac                show_main_screen
 .text.display_status_bar
                0x00205ff4       0x5c build/ecrobot_base.o
                0x00205ff4                display_status_bar
 .text.show_splash_screen
                0x00206050       0x98 build/ecrobot_base.o
                0x00206050                show_splash_screen
 .text.main     0x002060e8      0x108 build/ecrobot.o
                0x002060e8                main
 .text.TaskMainTask1
                0x002061f0       0x54 build/motortest.o
                0x002061f0                TaskMainTask1
 .text.TaskMainTask2
                0x00206244       0x24 build/motortest.o
                0x00206244                TaskMainTask2
 .text.user_1ms_isr_type2
                0x00206268       0x1c build/motortest.o
                0x00206268                user_1ms_isr_type2
 .text.ecrobot_device_initialize
                0x00206284        0x4 /home/osek/nxtOSEK/ecrobot/../ecrobot/libecrobot.a(ecrobot_device_hook.o)
                0x00206284                ecrobot_device_initialize
 .text.ecrobot_device_terminate
                0x00206288        0x4 /home/osek/nxtOSEK/ecrobot/../ecrobot/libecrobot.a(ecrobot_device_hook.o)
                0x00206288                ecrobot_device_terminate
 .text.ecrobot_get_battery_voltage
                0x0020628c        0xc /home/osek/nxtOSEK/ecrobot/../ecrobot/libecrobot.a(ecrobot_interface.o)
                0x0020628c                ecrobot_get_battery_voltage
 .text.ecrobot_get_button_state
                0x00206298        0xc /home/osek/nxtOSEK/ecrobot/../ecrobot/libecrobot.a(ecrobot_interface.o)
                0x00206298                ecrobot_get_button_state
 .text.ecrobot_init_nxtstate
                0x002062a4       0x28 /home/osek/nxtOSEK/ecrobot/../ecrobot/libecrobot.a(ecrobot_interface.o)
                0x002062a4                ecrobot_init_nxtstate
 .text.ecrobot_poll_nxtstate
                0x002062cc       0x64 /home/osek/nxtOSEK/ecrobot/../ecrobot/libecrobot.a(ecrobot_interface.o)
                0x002062cc                ecrobot_poll_nxtstate
 .text.ecrobot_setDeviceInitialized
                0x00206330       0x18 /home/osek/nxtOSEK/ecrobot/../ecrobot/libecrobot.a(ecrobot_interface.o)
                0x00206330                ecrobot_setDeviceInitialized
 .text.ecrobot_initDeviceStatus
                0x00206348        0xc /home/osek/nxtOSEK/ecrobot/../ecrobot/libecrobot.a(ecrobot_interface.o)
                0x00206348                ecrobot_initDeviceStatus
 .text.ecrobot_bmp2lcd
                0x00206354      0x1c8 /home/osek/nxtOSEK/ecrobot/../ecrobot/libecrobot.a(ecrobot_interface.o)
                0x00206354                ecrobot_bmp2lcd
 .text.ecrobot_is_ENTER_button_pressed
                0x0020651c       0x10 /home/osek/nxtOSEK/ecrobot/../ecrobot/libecrobot.a(ecrobot_interface.o)
                0x0020651c                ecrobot_is_ENTER_button_pressed
 .text.StartupHook
                0x0020652c        0x4 /home/osek/nxtOSEK/ecrobot/../ecrobot/libecrobot.a(osek_hook.o)
                0x0020652c                StartupHook
 .text.PreTaskHook
                0x00206530        0x4 /home/osek/nxtOSEK/ecrobot/../ecrobot/libecrobot.a(osek_hook.o)
                0x00206530                PreTaskHook
 .text.PostTaskHook
                0x00206534        0x4 /home/osek/nxtOSEK/ecrobot/../ecrobot/libecrobot.a(osek_hook.o)
                0x00206534                PostTaskHook
 .text.ErrorHook
                0x00206538        0x4 /home/osek/nxtOSEK/ecrobot/../ecrobot/libecrobot.a(osek_hook.o)
                0x00206538                ErrorHook
 .text.ShutdownHook
                0x0020653c        0x4 /home/osek/nxtOSEK/ecrobot/../ecrobot/libecrobot.a(osek_hook.o)
                0x0020653c                ShutdownHook
 .text          0x00206540       0x8c /home/osek/gnuarm/lib/gcc/arm-elf/4.4.2/thumb/interwork/libgcc.a(_udivsi3.o)
                0x00206540                __udivsi3
                0x00206540                __aeabi_uidiv
                0x002065bc                __aeabi_uidivmod
 .text          0x002065cc       0xc8 /home/osek/gnuarm/lib/gcc/arm-elf/4.4.2/thumb/interwork/libgcc.a(_umodsi3.o)
                0x002065cc                __umodsi3
 .text          0x00206694        0x4 /home/osek/gnuarm/lib/gcc/arm-elf/4.4.2/thumb/interwork/libgcc.a(_dvmd_tls.o)
                0x00206694                __aeabi_ldiv0
                0x00206694                __div0
                0x00206694                __aeabi_idiv0
 .text          0x00206698       0x94 /home/osek/gnuarm/lib/gcc/arm-elf/4.4.2/../../../../arm-elf/lib/thumb/interwork/libc.a(lib_a-memset.o)
                0x00206698                memset
 .text          0x0020672c       0x10 /home/osek/gnuarm/lib/gcc/arm-elf/4.4.2/../../../../arm-elf/lib/thumb/interwork/libc.a(lib_a-strcpy.o)
                0x0020672c                strcpy
 .text          0x0020673c       0x10 /home/osek/gnuarm/lib/gcc/arm-elf/4.4.2/../../../../arm-elf/lib/thumb/interwork/libc.a(lib_a-strlen.o)
                0x0020673c                strlen
                0x00206750                . = ALIGN (0x10)
 *fill*         0x0020674c        0x4 00
 *(*.rodata *.rodata.*)
 .rodata.search_table.1018
                0x00206750       0x10 build/kernel/task.o
 .rodata.alminib_almval
                0x00206760        0x4 build/./kernel_cfg.o
                0x00206760                alminib_almval
 .rodata.alminib_cntid
                0x00206764        0x4 build/./kernel_cfg.o
                0x00206764                alminib_cntid
 .rodata.tinib_maxact
                0x00206768        0x4 build/./kernel_cfg.o
                0x00206768                tinib_maxact
 .rodata.cntinib_tickbase
                0x0020676c        0x4 build/./kernel_cfg.o
                0x0020676c                cntinib_tickbase
 .rodata.tnum_task
                0x00206770        0x1 build/./kernel_cfg.o
                0x00206770                tnum_task
 *fill*         0x00206771        0x3 00
 .rodata.cntinib_maxval
                0x00206774        0x4 build/./kernel_cfg.o
                0x00206774                cntinib_maxval
 .rodata.tinib_stksz
                0x00206778        0x4 build/./kernel_cfg.o
                0x00206778                tinib_stksz
 .rodata.Task2  0x0020677c        0x1 build/./kernel_cfg.o
                0x0020677c                Task2
 *fill*         0x0020677d        0x3 00
 .rodata.alminib_cycle
                0x00206780        0x4 build/./kernel_cfg.o
                0x00206780                alminib_cycle
 .rodata.tinib_inipri
                0x00206784        0x4 build/./kernel_cfg.o
                0x00206784                tinib_inipri
 .rodata.cntinib_maxval2
                0x00206788        0x4 build/./kernel_cfg.o
                0x00206788                cntinib_maxval2
 .rodata.tinib_stk
                0x0020678c        0x8 build/./kernel_cfg.o
                0x0020678c                tinib_stk
 .rodata.tnum_exttask
                0x00206794        0x1 build/./kernel_cfg.o
                0x00206794                tnum_exttask
 .rodata.tnum_counter
                0x00206795        0x1 build/./kernel_cfg.o
                0x00206795                tnum_counter
 *fill*         0x00206796        0x2 00
 .rodata.tinib_exepri
                0x00206798        0x4 build/./kernel_cfg.o
                0x00206798                tinib_exepri
 .rodata.tinib_autoact
                0x0020679c        0x4 build/./kernel_cfg.o
                0x0020679c                tinib_autoact
 .rodata.SysTimerCnt
                0x002067a0        0x1 build/./kernel_cfg.o
                0x002067a0                SysTimerCnt
 .rodata.tnum_alarm
                0x002067a1        0x1 build/./kernel_cfg.o
                0x002067a1                tnum_alarm
 *fill*         0x002067a2        0x2 00
 .rodata.alminib_cback
                0x002067a4        0x4 build/./kernel_cfg.o
                0x002067a4                alminib_cback
 .rodata.tinib_task
                0x002067a8        0x8 build/./kernel_cfg.o
                0x002067a8                tinib_task
 .rodata.alminib_autosta
                0x002067b0        0x4 build/./kernel_cfg.o
                0x002067b0                alminib_autosta
 .rodata.str1.1
                0x002067b4       0x6c build/ecrobot_base.o
 .rodata.exec_addr
                0x00206820        0x4 build/ecrobot_base.o
                0x00206820                exec_addr
 .rodata.str1.1
                0x00206824       0x11 build/motortest.o
 *fill*         0x00206835        0x3 00
 .rodata.str1.1.stub
                0x00206838       0x30 linker stubs
                0x00206870                . = ALIGN (0x10)
 *fill*         0x00206868        0x8 00
 *(*.gnu.linkonce.* .gcc_except_table)
                0x00206870                . = ALIGN (0x10)

.vfp11_veneer   0x002056e0        0x0
 .vfp11_veneer  0x00000000        0x0 linker stubs

.v4_bx          0x002056e0        0x0
 .v4_bx         0x00000000        0x0 linker stubs

.tors           0x00206870        0x0
                0x00206870                . = ALIGN (0x10)
                0x00206870                __ctor_begin = .
 *(*.ctors*)
                0x00206870                __ctor_end = .
                0x00206870                . = ALIGN (0x10)
                0x00206870                __dtor_begin = .
 *(*.dtors*)
                0x00206870                __dtor_end = .
                0x00206870                . = ALIGN (0x10)

.bss            0x00206870     0x1234
 *(*.bss *.bss.*)
 .bss.ready_queue_first
                0x00206870       0x10 build/kernel/task.o
 .bss.ready_primap
                0x00206880        0x2 build/kernel/task.o
 *fill*         0x00206882        0x2 00
 .bss.ready_queue_last
                0x00206884       0x10 build/kernel/task.o
 .bss._stack_Task2
                0x00206894      0x200 build/./kernel_cfg.o
 .bss._stack_Task1
                0x00206a94      0x200 build/./kernel_cfg.o
 .bss.lcd.2717  0x00206c94      0x320 build/ecrobot_base.o
 .bss.status_bar_position
                0x00206fb4        0x4 build/ecrobot_base.o
 .bss.last_act_time.2795
                0x00206fb8        0x4 build/ecrobot_base.o
 .bss.status_bar
                0x00206fbc       0x10 build/ecrobot_base.o
 .bss.OS_flag   0x00206fcc        0x4 build/ecrobot_base.o
 .bss.buttons_i
                0x00206fd0        0x4 /home/osek/nxtOSEK/ecrobot/../ecrobot/libecrobot.a(ecrobot_interface.o)
 .bss.buttons_states
                0x00206fd4       0x14 /home/osek/nxtOSEK/ecrobot/../ecrobot/libecrobot.a(ecrobot_interface.o)
 .bss.ecrobot_inputs
                0x00206fe8        0x8 /home/osek/nxtOSEK/ecrobot/../ecrobot/libecrobot.a(ecrobot_interface.o)
 .bss.systick_ms
                0x00206ff0        0x4 /home/osek/nxtOSEK/ecrobot/../ecrobot/libecrobot.a(systick.oram)
 .bss.delayedEnable
                0x00206ff4        0x1 /home/osek/nxtOSEK/ecrobot/../ecrobot/libecrobot.a(udp.oram)
 *fill*         0x00206ff5        0x3 00
 .bss.outCnt    0x00206ff8        0x4 /home/osek/nxtOSEK/ecrobot/../ecrobot/libecrobot.a(udp.oram)
 .bss.outPtr    0x00206ffc        0x4 /home/osek/nxtOSEK/ecrobot/../ecrobot/libecrobot.a(udp.oram)
 .bss.newAddress
                0x00207000        0x4 /home/osek/nxtOSEK/ecrobot/../ecrobot/libecrobot.a(udp.oram)
 .bss.currentRxBank
                0x00207004        0x4 /home/osek/nxtOSEK/ecrobot/../ecrobot/libecrobot.a(udp.oram)
 .bss.currentFeatures
                0x00207008        0x4 /home/osek/nxtOSEK/ecrobot/../ecrobot/libecrobot.a(udp.oram)
 .bss.currentConfig
                0x0020700c        0x1 /home/osek/nxtOSEK/ecrobot/../ecrobot/libecrobot.a(udp.oram)
 *fill*         0x0020700d        0x3 00
 .bss.twi_mask  0x00207010        0x4 /home/osek/nxtOSEK/ecrobot/../ecrobot/libecrobot.a(twi.oram)
 .bss.twi_ptr   0x00207014        0x4 /home/osek/nxtOSEK/ecrobot/../ecrobot/libecrobot.a(twi.oram)
 .bss.twi_pending
                0x00207018        0x4 /home/osek/nxtOSEK/ecrobot/../ecrobot/libecrobot.a(twi.oram)
 .bss.twi_state
                0x0020701c        0x4 /home/osek/nxtOSEK/ecrobot/../ecrobot/libecrobot.a(twi.oram)
 .bss.page      0x00207020        0x1 /home/osek/nxtOSEK/ecrobot/../ecrobot/libecrobot.a(nxt_spi.oram)
                0x00207020                page
 .bss.dirty     0x00207021        0x1 /home/osek/nxtOSEK/ecrobot/../ecrobot/libecrobot.a(nxt_spi.oram)
                0x00207021                dirty
 *fill*         0x00207022        0x2 00
 .bss.display   0x00207024        0x4 /home/osek/nxtOSEK/ecrobot/../ecrobot/libecrobot.a(nxt_spi.oram)
                0x00207024                display
 .bss.interrupts_this_period
                0x00207028        0x4 /home/osek/nxtOSEK/ecrobot/../ecrobot/libecrobot.a(nxt_motors.oram)
 .bss.nxt_motor_initialised
                0x0020702c        0x4 /home/osek/nxtOSEK/ecrobot/../ecrobot/libecrobot.a(nxt_motors.oram)
 .bss.motor     0x00207030       0x30 /home/osek/nxtOSEK/ecrobot/../ecrobot/libecrobot.a(nxt_motors.oram)
 .bss.display_tick
                0x00207060        0x4 /home/osek/nxtOSEK/ecrobot/../ecrobot/libecrobot.a(display.oram)
                0x00207060                display_tick
 .bss.display_array
                0x00207064      0x388 /home/osek/nxtOSEK/ecrobot/../ecrobot/libecrobot.a(display.oram)
 .bss.i2c_int_count
                0x002073ec        0x4 /home/osek/nxtOSEK/ecrobot/../ecrobot/libecrobot.a(i2c.oram)
 .bss.i2c_port  0x002073f0      0x170 /home/osek/nxtOSEK/ecrobot/../ecrobot/libecrobot.a(i2c.oram)
 .bss.sound_mode
                0x00207560        0x1 /home/osek/nxtOSEK/ecrobot/../ecrobot/libecrobot.a(sound.oram)
                0x00207560                sound_mode
 *fill*         0x00207561        0x3 00
 .bss.in_buf_idx
                0x00207564        0x4 /home/osek/nxtOSEK/ecrobot/../ecrobot/libecrobot.a(bt.oram)
 .bss.buf_ptr   0x00207568        0x4 /home/osek/nxtOSEK/ecrobot/../ecrobot/libecrobot.a(bt.oram)
 .bss.out_buf_ptr
                0x0020756c        0x1 /home/osek/nxtOSEK/ecrobot/../ecrobot/libecrobot.a(bt.oram)
 .bss.in_buf_in_ptr
                0x0020756d        0x1 /home/osek/nxtOSEK/ecrobot/../ecrobot/libecrobot.a(bt.oram)
 .bss.in_buf    0x0020756e      0x100 /home/osek/nxtOSEK/ecrobot/../ecrobot/libecrobot.a(bt.oram)
 *fill*         0x0020766e        0x2 00
 .bss.link_state
                0x00207670        0x4 /home/osek/nxtOSEK/ecrobot/../ecrobot/libecrobot.a(nxt_avr.oram)
 .bss.update_count
                0x00207674        0x4 /home/osek/nxtOSEK/ecrobot/../ecrobot/libecrobot.a(nxt_avr.oram)
 .bss.nxt_avr_stats
                0x00207678       0x14 /home/osek/nxtOSEK/ecrobot/../ecrobot/libecrobot.a(nxt_avr.oram)
 .bss.debounce_cnt
                0x0020768c        0x2 /home/osek/nxtOSEK/ecrobot/../ecrobot/libecrobot.a(nxt_avr.oram)
 .bss.debounce_state
                0x0020768e        0x2 /home/osek/nxtOSEK/ecrobot/../ecrobot/libecrobot.a(nxt_avr.oram)
 .bss.button_state
                0x00207690        0x2 /home/osek/nxtOSEK/ecrobot/../ecrobot/libecrobot.a(nxt_avr.oram)
 .bss.prev_buttons
                0x00207692        0x2 /home/osek/nxtOSEK/ecrobot/../ecrobot/libecrobot.a(nxt_avr.oram)
 .bss.from_buf  0x00207694        0x4 /home/osek/nxtOSEK/ecrobot/../ecrobot/libecrobot.a(nxt_avr.oram)
 .bss.io_from_avr
                0x00207698        0x4 /home/osek/nxtOSEK/ecrobot/../ecrobot/libecrobot.a(nxt_avr.oram)
 .bss.data_from_avr
                0x0020769c       0x1a /home/osek/nxtOSEK/ecrobot/../ecrobot/libecrobot.a(nxt_avr.oram)
 .bss.data_to_avr
                0x002076b6        0x9 /home/osek/nxtOSEK/ecrobot/../ecrobot/libecrobot.a(nxt_avr.oram)
 .bss.io_to_avr
                0x002076bf        0x8 /home/osek/nxtOSEK/ecrobot/../ecrobot/libecrobot.a(nxt_avr.oram)
 *fill*         0x002076c7        0x1 00
 .bss.display   0x002076c8        0x4 /home/osek/nxtOSEK/ecrobot/../ecrobot/libecrobot.a(nxt_lcd.oram)
                0x002076d0                . = ALIGN (0x10)
 *fill*         0x002076cc        0x4 00
                0x002076d0                __bss_end__ = .
 COMMON         0x002076d0        0x2 build/kernel/interrupt.o
                0x002076d0                runisr
                0x002076d1                sus_all_cnt
 *fill*         0x002076d2        0x2 00
 COMMON         0x002076d4       0x10 build/kernel/osctl.o
                0x002076d4                callevel
                0x002076d5                _errorhook_svcid
                0x002076d6                appmode
                0x002076d8                _errorhook_par1
                0x002076dc                _errorhook_par3
                0x002076e0                _errorhook_par2
 COMMON         0x002076e4        0x3 build/kernel/task.o
                0x002076e4                runtsk
                0x002076e5                schedtsk
                0x002076e6                nextpri
 *fill*         0x002076e7        0x1 00
 COMMON         0x002076e8       0x50 build/./kernel_cfg.o
                0x002076e8                tcb_waievt
                0x002076ec                rescb_prevpri
                0x002076f0                almcb_prev
                0x002076f4                tcb_lastres
                0x002076f8                almcb_almval
                0x002076fc                tcxb_pc
                0x00207704                tcb_next
                0x00207708                tcb_curpri
                0x0020770c                tcb_tstat
                0x00207710                isrcb_lastres
                0x00207714                cntcb_almque
                0x00207718                rescb_prevres
                0x0020771c                tcb_actcnt
                0x00207720                tcb_curevt
                0x00207724                almcb_cycle
                0x00207728                tcxb_sp
                0x00207730                almcb_next
                0x00207734                cntcb_curval
 COMMON         0x00207738       0x44 /home/osek/nxtOSEK/ecrobot/../ecrobot/libecrobot.a(uart.oram)
                0x00207738                uart
 COMMON         0x0020777c        0x4 /home/osek/nxtOSEK/ecrobot/../ecrobot/libecrobot.a(data_abort.oram)
                0x0020777c                data_abort_pc
 COMMON         0x00207780        0x8 /home/osek/nxtOSEK/ecrobot/../ecrobot/libecrobot.a(display.oram)
                0x00207780                display_x
                0x00207784                display_y
 COMMON         0x00207788      0x31c /home/osek/nxtOSEK/ecrobot/../ecrobot/libecrobot.a(sound.oram)
                0x00207788                sample
                0x00206870                __bss_start__ = ADDR (.bss)
                0x00207aa4                __bss_end__ = (ADDR (.bss) + SIZEOF (.bss))
                0x00207aa4                PROVIDE (end, .)

.heap_area      0x00207aa4     0x80d4
                0x0020fb78                . = (. + (0x20fb78 - end))
 *fill*         0x00207aa4     0x80d4 00

.stack          0x0020fb78      0x488
                0x0020fbf8                . = (. + 0x80)
 *fill*         0x0020fb78       0x80 00
                0x0020fc00                . = ALIGN (0x10)
 *fill*         0x0020fbf8        0x8 00
                0x0020fc00                __irq_stack__ = .
                0x0020fc00                __system_stack_bottom__ = .
                0x00210000                . = (. + 0x400)
 *fill*         0x0020fc00      0x400 00
                0x00210000                . = ALIGN (0x10)
                0x00210000                __system_stack__ = .
                0x00210000                __system_stack_top__ = .
                0x0020fb78                __stack_start__ = ADDR (.stack)
                0x00210000                __stack_end__ = (ADDR (.stack) + SIZEOF (.stack))
OUTPUT(motortest_OSEK_ram.elf elf32-littlearm)

.comment        0x00000000      0x1c1
 .comment       0x00000000       0x11 build/kernel/alarm.o
                                 0x12 (size before relaxing)
 .comment       0x00000000       0x12 build/kernel/event.o
 .comment       0x00000000       0x12 build/kernel/interrupt.o
 .comment       0x00000000       0x12 build/kernel/osctl.o
 .comment       0x00000000       0x12 build/kernel/resource.o
 .comment       0x00000000       0x12 build/kernel/task.o
 .comment       0x00000000       0x12 build/kernel/task_manage.o
 .comment       0x00000000       0x12 build/config/at91sam7s-gnu/cpu_config.o
 .comment       0x00000000       0x12 build/config/at91sam7s-gnu/lego_nxt/sys_config.o
 .comment       0x00000000       0x12 build/./kernel_cfg.o
 .comment       0x00000000       0x12 build/syscalls.o
 .comment       0x00000000       0x12 build/ecrobot_bluetooth.o
 .comment       0x00000000       0x12 build/ecrobot_base.o
 .comment       0x00000000       0x12 build/ecrobot.o
 .comment       0x00000000       0x12 build/motortest.o
 .comment       0x00000000       0x12 build/syslib/at91sam7s-gnu/lego_nxt/hw_sys_timer.oram
 .comment       0x00000011       0x12 /home/osek/nxtOSEK/ecrobot/../ecrobot/libecrobot.a(ecrobot_device_hook.o)
 .comment       0x00000023       0x12 /home/osek/nxtOSEK/ecrobot/../ecrobot/libecrobot.a(ecrobot_interface.o)
 .comment       0x00000035       0x12 /home/osek/nxtOSEK/ecrobot/../ecrobot/libecrobot.a(colorsensor.o)
 .comment       0x00000047       0x12 /home/osek/nxtOSEK/ecrobot/../ecrobot/libecrobot.a(osek_hook.o)
 .comment       0x00000059       0x12 /home/osek/nxtOSEK/ecrobot/../ecrobot/libecrobot.a(uart.oram)
 .comment       0x0000006b       0x12 /home/osek/nxtOSEK/ecrobot/../ecrobot/libecrobot.a(systick.oram)
 .comment       0x0000007d       0x12 /home/osek/nxtOSEK/ecrobot/../ecrobot/libecrobot.a(byte_fifo.oram)
 .comment       0x0000008f       0x12 /home/osek/nxtOSEK/ecrobot/../ecrobot/libecrobot.a(aic.oram)
 .comment       0x000000a1       0x12 /home/osek/nxtOSEK/ecrobot/../ecrobot/libecrobot.a(udp.oram)
 .comment       0x000000b3       0x12 /home/osek/nxtOSEK/ecrobot/../ecrobot/libecrobot.a(twi.oram)
 .comment       0x000000c5       0x12 /home/osek/nxtOSEK/ecrobot/../ecrobot/libecrobot.a(nxt_spi.oram)
 .comment       0x000000d7       0x12 /home/osek/nxtOSEK/ecrobot/../ecrobot/libecrobot.a(nxt_motors.oram)
 .comment       0x000000e9       0x12 /home/osek/nxtOSEK/ecrobot/../ecrobot/libecrobot.a(data_abort.oram)
 .comment       0x000000fb       0x12 /home/osek/nxtOSEK/ecrobot/../ecrobot/libecrobot.a(display.oram)
 .comment       0x0000010d       0x12 /home/osek/nxtOSEK/ecrobot/../ecrobot/libecrobot.a(i2c.oram)
 .comment       0x0000011f       0x12 /home/osek/nxtOSEK/ecrobot/../ecrobot/libecrobot.a(sound.oram)
 .comment       0x00000131       0x12 /home/osek/nxtOSEK/ecrobot/../ecrobot/libecrobot.a(bt.oram)
 .comment       0x00000143       0x12 /home/osek/nxtOSEK/ecrobot/../ecrobot/libecrobot.a(nxt_avr.oram)
 .comment       0x00000155       0x12 /home/osek/nxtOSEK/ecrobot/../ecrobot/libecrobot.a(sensors.oram)
 .comment       0x00000167       0x12 /home/osek/nxtOSEK/ecrobot/../ecrobot/libecrobot.a(sensors1.oram)
 .comment       0x00000179       0x12 /home/osek/nxtOSEK/ecrobot/../ecrobot/libecrobot.a(nxt_lcd.oram)
 .comment       0x0000018b       0x12 /home/osek/nxtOSEK/ecrobot/../ecrobot/libecrobot.a(flash_loader.oram)
 .comment       0x0000019d       0x12 /home/osek/nxtOSEK/ecrobot/../ecrobot/libecrobot.a(ecrobot_usb.o)
 .comment       0x000001af       0x12 /home/osek/nxtOSEK/ecrobot/../ecrobot/libecrobot.a(flashprog.oram)
 .comment       0x00000000       0x12 /home/osek/gnuarm/lib/gcc/arm-elf/4.4.2/thumb/interwork/libgcc.a(_muldi3.o)
 .comment       0x00000000       0x12 /home/osek/gnuarm/lib/gcc/arm-elf/4.4.2/thumb/interwork/libgcc.a(_divdi3.o)
 .comment       0x00000000       0x12 /home/osek/gnuarm/lib/gcc/arm-elf/4.4.2/../../../../arm-elf/lib/thumb/interwork/libc.a(lib_a-memcpy.o)
 .comment       0x00000000       0x12 /home/osek/gnuarm/lib/gcc/arm-elf/4.4.2/../../../../arm-elf/lib/thumb/interwork/libc.a(lib_a-memset.o)
 .comment       0x00000000       0x12 /home/osek/gnuarm/lib/gcc/arm-elf/4.4.2/../../../../arm-elf/lib/thumb/interwork/libc.a(lib_a-strcmp.o)
 .comment       0x00000000       0x12 /home/osek/gnuarm/lib/gcc/arm-elf/4.4.2/../../../../arm-elf/lib/thumb/interwork/libc.a(lib_a-strcpy.o)
 .comment       0x00000000       0x12 /home/osek/gnuarm/lib/gcc/arm-elf/4.4.2/../../../../arm-elf/lib/thumb/interwork/libc.a(lib_a-strlen.o)
 .comment       0x00000000       0x12 /home/osek/gnuarm/lib/gcc/arm-elf/4.4.2/../../../../arm-elf/lib/thumb/interwork/libc.a(lib_a-strncpy.o)

.ARM.attributes
                0x00000000       0x10
 .ARM.attributes
                0x00000000       0x10 build/kernel/alarm.o
 .ARM.attributes
                0x00000010       0x10 build/kernel/event.o
 .ARM.attributes
                0x00000020       0x10 build/kernel/interrupt.o
 .ARM.attributes
                0x00000030       0x10 build/kernel/osctl.o
 .ARM.attributes
                0x00000040       0x10 build/kernel/resource.o
 .ARM.attributes
                0x00000050       0x10 build/kernel/task.o
 .ARM.attributes
                0x00000060       0x10 build/kernel/task_manage.o
 .ARM.attributes
                0x00000070       0x10 build/config/at91sam7s-gnu/cpu_config.o
 .ARM.attributes
                0x00000080       0x10 build/config/at91sam7s-gnu/lego_nxt/sys_config.o
 .ARM.attributes
                0x00000090       0x10 build/./kernel_cfg.o
 .ARM.attributes
                0x000000a0       0x10 build/syscalls.o
 .ARM.attributes
                0x000000b0       0x10 build/ecrobot_bluetooth.o
 .ARM.attributes
                0x000000c0       0x10 build/ecrobot_base.o
 .ARM.attributes
                0x000000d0       0x10 build/ecrobot.o
 .ARM.attributes
                0x000000e0       0x10 build/motortest.o
 .ARM.attributes
                0x000000f0       0x10 build/syslib/at91sam7s-gnu/lego_nxt/hw_sys_timer.oram
 .ARM.attributes
                0x00000100       0x10 build/nxtvm/platform/nxt/vectors.o
 .ARM.attributes
                0x00000110       0x10 build/config/at91sam7s-gnu/debug.o
 .ARM.attributes
                0x00000120       0x10 build/config/at91sam7s-gnu/lego_nxt/sys_support.o
 .ARM.attributes
                0x00000130       0x10 build/nxt_binary_header.o
 .ARM.attributes
                0x00000140       0x10 build/nxt_entry_point.o
 .ARM.attributes
                0x00000150       0x10 build/ecrobot_init.o
 .ARM.attributes
                0x00000160       0x10 build/config/at91sam7s-gnu/cpu_support.oram
 .ARM.attributes
                0x00000170       0x10 build/config/at91sam7s-gnu/irq.oram
 .ARM.attributes
                0x00000180       0x10 /home/osek/gnuarm/lib/gcc/arm-elf/4.4.2/thumb/interwork/libgcc.a(_udivsi3.o)
 .ARM.attributes
                0x00000190       0x10 /home/osek/gnuarm/lib/gcc/arm-elf/4.4.2/thumb/interwork/libgcc.a(_divsi3.o)
 .ARM.attributes
                0x000001a0       0x10 /home/osek/gnuarm/lib/gcc/arm-elf/4.4.2/thumb/interwork/libgcc.a(_umodsi3.o)
 .ARM.attributes
                0x000001b0       0x10 /home/osek/gnuarm/lib/gcc/arm-elf/4.4.2/thumb/interwork/libgcc.a(_modsi3.o)
 .ARM.attributes
                0x000001c0       0x10 /home/osek/gnuarm/lib/gcc/arm-elf/4.4.2/thumb/interwork/libgcc.a(_dvmd_tls.o)
 .ARM.attributes
                0x000001d0       0x10 /home/osek/gnuarm/lib/gcc/arm-elf/4.4.2/thumb/interwork/libgcc.a(_arm_addsubdf3.o)
 .ARM.attributes
                0x000001e0       0x10 /home/osek/gnuarm/lib/gcc/arm-elf/4.4.2/thumb/interwork/libgcc.a(_arm_muldivdf3.o)
 .ARM.attributes
                0x000001f0       0x10 /home/osek/gnuarm/lib/gcc/arm-elf/4.4.2/thumb/interwork/libgcc.a(_arm_cmpdf2.o)
 .ARM.attributes
                0x00000200       0x10 /home/osek/gnuarm/lib/gcc/arm-elf/4.4.2/thumb/interwork/libgcc.a(_muldi3.o)
 .ARM.attributes
                0x00000210       0x10 /home/osek/gnuarm/lib/gcc/arm-elf/4.4.2/thumb/interwork/libgcc.a(_divdi3.o)
 .ARM.attributes
                0x00000220       0x10 /home/osek/gnuarm/lib/gcc/arm-elf/4.4.2/thumb/interwork/libgcc.a(_clzsi2.o)
 .ARM.attributes
                0x00000230       0x10 /home/osek/gnuarm/lib/gcc/arm-elf/4.4.2/../../../../arm-elf/lib/thumb/interwork/libc.a(lib_a-memcpy.o)
 .ARM.attributes
                0x00000240       0x10 /home/osek/gnuarm/lib/gcc/arm-elf/4.4.2/../../../../arm-elf/lib/thumb/interwork/libc.a(lib_a-memset.o)
 .ARM.attributes
                0x00000250       0x10 /home/osek/gnuarm/lib/gcc/arm-elf/4.4.2/../../../../arm-elf/lib/thumb/interwork/libc.a(lib_a-strcmp.o)
 .ARM.attributes
                0x00000260       0x10 /home/osek/gnuarm/lib/gcc/arm-elf/4.4.2/../../../../arm-elf/lib/thumb/interwork/libc.a(lib_a-strcpy.o)
 .ARM.attributes
                0x00000270       0x10 /home/osek/gnuarm/lib/gcc/arm-elf/4.4.2/../../../../arm-elf/lib/thumb/interwork/libc.a(lib_a-strlen.o)
 .ARM.attributes
                0x00000280       0x10 /home/osek/gnuarm/lib/gcc/arm-elf/4.4.2/../../../../arm-elf/lib/thumb/interwork/libc.a(lib_a-strncpy.o)
 .ARM.attributes
                0x00000290       0x10 build/nxtvm/platform/nxt/vectors.o

.debug_frame    0x00000000       0xa0
 .debug_frame   0x00000000       0x28 /home/osek/gnuarm/lib/gcc/arm-elf/4.4.2/thumb/interwork/libgcc.a(_udivsi3.o)
 .debug_frame   0x00000028       0x28 /home/osek/gnuarm/lib/gcc/arm-elf/4.4.2/thumb/interwork/libgcc.a(_divsi3.o)
 .debug_frame   0x00000050       0x28 /home/osek/gnuarm/lib/gcc/arm-elf/4.4.2/thumb/interwork/libgcc.a(_umodsi3.o)
 .debug_frame   0x00000078       0x28 /home/osek/gnuarm/lib/gcc/arm-elf/4.4.2/thumb/interwork/libgcc.a(_modsi3.o)

.debug_line     0x00000000      0xdab
 .debug_line    0x00000000       0x86 /home/osek/gnuarm/lib/gcc/arm-elf/4.4.2/thumb/interwork/libgcc.a(_udivsi3.o)
 .debug_line    0x00000086       0x92 /home/osek/gnuarm/lib/gcc/arm-elf/4.4.2/thumb/interwork/libgcc.a(_divsi3.o)
 .debug_line    0x00000118       0x7e /home/osek/gnuarm/lib/gcc/arm-elf/4.4.2/thumb/interwork/libgcc.a(_umodsi3.o)
 .debug_line    0x00000196       0x87 /home/osek/gnuarm/lib/gcc/arm-elf/4.4.2/thumb/interwork/libgcc.a(_modsi3.o)
 .debug_line    0x0000021d       0x70 /home/osek/gnuarm/lib/gcc/arm-elf/4.4.2/thumb/interwork/libgcc.a(_dvmd_tls.o)
 .debug_line    0x0000028d      0x178 /home/osek/gnuarm/lib/gcc/arm-elf/4.4.2/thumb/interwork/libgcc.a(_arm_addsubdf3.o)
 .debug_line    0x00000405      0x18d /home/osek/gnuarm/lib/gcc/arm-elf/4.4.2/thumb/interwork/libgcc.a(_arm_muldivdf3.o)
 .debug_line    0x00000592       0xba /home/osek/gnuarm/lib/gcc/arm-elf/4.4.2/thumb/interwork/libgcc.a(_arm_cmpdf2.o)
 .debug_line    0x0000064c       0x7b /home/osek/gnuarm/lib/gcc/arm-elf/4.4.2/thumb/interwork/libgcc.a(_muldi3.o)
 .debug_line    0x000006c7       0xdc /home/osek/gnuarm/lib/gcc/arm-elf/4.4.2/thumb/interwork/libgcc.a(_divdi3.o)
 .debug_line    0x000007a3       0x7d /home/osek/gnuarm/lib/gcc/arm-elf/4.4.2/thumb/interwork/libgcc.a(_clzsi2.o)
 .debug_line    0x00000820      0x129 /home/osek/gnuarm/lib/gcc/arm-elf/4.4.2/../../../../arm-elf/lib/thumb/interwork/libc.a(lib_a-memcpy.o)
 .debug_line    0x00000949      0x124 /home/osek/gnuarm/lib/gcc/arm-elf/4.4.2/../../../../arm-elf/lib/thumb/interwork/libc.a(lib_a-memset.o)
 .debug_line    0x00000a6d       0xab /home/osek/gnuarm/lib/gcc/arm-elf/4.4.2/../../../../arm-elf/lib/thumb/interwork/libc.a(lib_a-strcmp.o)
 .debug_line    0x00000b18       0xab /home/osek/gnuarm/lib/gcc/arm-elf/4.4.2/../../../../arm-elf/lib/thumb/interwork/libc.a(lib_a-strcpy.o)
 .debug_line    0x00000bc3       0xea /home/osek/gnuarm/lib/gcc/arm-elf/4.4.2/../../../../arm-elf/lib/thumb/interwork/libc.a(lib_a-strlen.o)
 .debug_line    0x00000cad       0xfe /home/osek/gnuarm/lib/gcc/arm-elf/4.4.2/../../../../arm-elf/lib/thumb/interwork/libc.a(lib_a-strncpy.o)

.debug_info     0x00000000     0x13ca
 .debug_info    0x00000000       0xa2 /home/osek/gnuarm/lib/gcc/arm-elf/4.4.2/thumb/interwork/libgcc.a(_udivsi3.o)
 .debug_info    0x000000a2       0xa2 /home/osek/gnuarm/lib/gcc/arm-elf/4.4.2/thumb/interwork/libgcc.a(_divsi3.o)
 .debug_info    0x00000144       0xa2 /home/osek/gnuarm/lib/gcc/arm-elf/4.4.2/thumb/interwork/libgcc.a(_umodsi3.o)
 .debug_info    0x000001e6       0xa2 /home/osek/gnuarm/lib/gcc/arm-elf/4.4.2/thumb/interwork/libgcc.a(_modsi3.o)
 .debug_info    0x00000288       0xa2 /home/osek/gnuarm/lib/gcc/arm-elf/4.4.2/thumb/interwork/libgcc.a(_dvmd_tls.o)
 .debug_info    0x0000032a       0xa1 /home/osek/gnuarm/lib/gcc/arm-elf/4.4.2/thumb/interwork/libgcc.a(_arm_addsubdf3.o)
 .debug_info    0x000003cb       0xa1 /home/osek/gnuarm/lib/gcc/arm-elf/4.4.2/thumb/interwork/libgcc.a(_arm_muldivdf3.o)
 .debug_info    0x0000046c       0xa1 /home/osek/gnuarm/lib/gcc/arm-elf/4.4.2/thumb/interwork/libgcc.a(_arm_cmpdf2.o)
 .debug_info    0x0000050d      0x20e /home/osek/gnuarm/lib/gcc/arm-elf/4.4.2/thumb/interwork/libgcc.a(_muldi3.o)
 .debug_info    0x0000071b      0x669 /home/osek/gnuarm/lib/gcc/arm-elf/4.4.2/thumb/interwork/libgcc.a(_divdi3.o)
 .debug_info    0x00000d84       0xa2 /home/osek/gnuarm/lib/gcc/arm-elf/4.4.2/thumb/interwork/libgcc.a(_clzsi2.o)
 .debug_info    0x00000e26      0x13e /home/osek/gnuarm/lib/gcc/arm-elf/4.4.2/../../../../arm-elf/lib/thumb/interwork/libc.a(lib_a-memcpy.o)
 .debug_info    0x00000f64      0x111 /home/osek/gnuarm/lib/gcc/arm-elf/4.4.2/../../../../arm-elf/lib/thumb/interwork/libc.a(lib_a-memset.o)
 .debug_info    0x00001075       0xaf /home/osek/gnuarm/lib/gcc/arm-elf/4.4.2/../../../../arm-elf/lib/thumb/interwork/libc.a(lib_a-strcmp.o)
 .debug_info    0x00001124       0xb7 /home/osek/gnuarm/lib/gcc/arm-elf/4.4.2/../../../../arm-elf/lib/thumb/interwork/libc.a(lib_a-strcpy.o)
 .debug_info    0x000011db       0xcb /home/osek/gnuarm/lib/gcc/arm-elf/4.4.2/../../../../arm-elf/lib/thumb/interwork/libc.a(lib_a-strlen.o)
 .debug_info    0x000012a6      0x124 /home/osek/gnuarm/lib/gcc/arm-elf/4.4.2/../../../../arm-elf/lib/thumb/interwork/libc.a(lib_a-strncpy.o)

.debug_abbrev   0x00000000      0x674
 .debug_abbrev  0x00000000       0x14 /home/osek/gnuarm/lib/gcc/arm-elf/4.4.2/thumb/interwork/libgcc.a(_udivsi3.o)
 .debug_abbrev  0x00000014       0x14 /home/osek/gnuarm/lib/gcc/arm-elf/4.4.2/thumb/interwork/libgcc.a(_divsi3.o)
 .debug_abbrev  0x00000028       0x14 /home/osek/gnuarm/lib/gcc/arm-elf/4.4.2/thumb/interwork/libgcc.a(_umodsi3.o)
 .debug_abbrev  0x0000003c       0x14 /home/osek/gnuarm/lib/gcc/arm-elf/4.4.2/thumb/interwork/libgcc.a(_modsi3.o)
 .debug_abbrev  0x00000050       0x14 /home/osek/gnuarm/lib/gcc/arm-elf/4.4.2/thumb/interwork/libgcc.a(_dvmd_tls.o)
 .debug_abbrev  0x00000064       0x14 /home/osek/gnuarm/lib/gcc/arm-elf/4.4.2/thumb/interwork/libgcc.a(_arm_addsubdf3.o)
 .debug_abbrev  0x00000078       0x14 /home/osek/gnuarm/lib/gcc/arm-elf/4.4.2/thumb/interwork/libgcc.a(_arm_muldivdf3.o)
 .debug_abbrev  0x0000008c       0x14 /home/osek/gnuarm/lib/gcc/arm-elf/4.4.2/thumb/interwork/libgcc.a(_arm_cmpdf2.o)
 .debug_abbrev  0x000000a0       0xf5 /home/osek/gnuarm/lib/gcc/arm-elf/4.4.2/thumb/interwork/libgcc.a(_muldi3.o)
 .debug_abbrev  0x00000195      0x169 /home/osek/gnuarm/lib/gcc/arm-elf/4.4.2/thumb/interwork/libgcc.a(_divdi3.o)
 .debug_abbrev  0x000002fe       0x14 /home/osek/gnuarm/lib/gcc/arm-elf/4.4.2/thumb/interwork/libgcc.a(_clzsi2.o)
 .debug_abbrev  0x00000312       0xa0 /home/osek/gnuarm/lib/gcc/arm-elf/4.4.2/../../../../arm-elf/lib/thumb/interwork/libc.a(lib_a-memcpy.o)
 .debug_abbrev  0x000003b2       0xa1 /home/osek/gnuarm/lib/gcc/arm-elf/4.4.2/../../../../arm-elf/lib/thumb/interwork/libc.a(lib_a-memset.o)
 .debug_abbrev  0x00000453       0x76 /home/osek/gnuarm/lib/gcc/arm-elf/4.4.2/../../../../arm-elf/lib/thumb/interwork/libc.a(lib_a-strcmp.o)
 .debug_abbrev  0x000004c9       0x76 /home/osek/gnuarm/lib/gcc/arm-elf/4.4.2/../../../../arm-elf/lib/thumb/interwork/libc.a(lib_a-strcpy.o)
 .debug_abbrev  0x0000053f       0x92 /home/osek/gnuarm/lib/gcc/arm-elf/4.4.2/../../../../arm-elf/lib/thumb/interwork/libc.a(lib_a-strlen.o)
 .debug_abbrev  0x000005d1       0xa3 /home/osek/gnuarm/lib/gcc/arm-elf/4.4.2/../../../../arm-elf/lib/thumb/interwork/libc.a(lib_a-strncpy.o)

.debug_aranges  0x00000000      0x220
 .debug_aranges
                0x00000000       0x20 /home/osek/gnuarm/lib/gcc/arm-elf/4.4.2/thumb/interwork/libgcc.a(_udivsi3.o)
 .debug_aranges
                0x00000020       0x20 /home/osek/gnuarm/lib/gcc/arm-elf/4.4.2/thumb/interwork/libgcc.a(_divsi3.o)
 .debug_aranges
                0x00000040       0x20 /home/osek/gnuarm/lib/gcc/arm-elf/4.4.2/thumb/interwork/libgcc.a(_umodsi3.o)
 .debug_aranges
                0x00000060       0x20 /home/osek/gnuarm/lib/gcc/arm-elf/4.4.2/thumb/interwork/libgcc.a(_modsi3.o)
 .debug_aranges
                0x00000080       0x20 /home/osek/gnuarm/lib/gcc/arm-elf/4.4.2/thumb/interwork/libgcc.a(_dvmd_tls.o)
 .debug_aranges
                0x000000a0       0x20 /home/osek/gnuarm/lib/gcc/arm-elf/4.4.2/thumb/interwork/libgcc.a(_arm_addsubdf3.o)
 .debug_aranges
                0x000000c0       0x20 /home/osek/gnuarm/lib/gcc/arm-elf/4.4.2/thumb/interwork/libgcc.a(_arm_muldivdf3.o)
 .debug_aranges
                0x000000e0       0x20 /home/osek/gnuarm/lib/gcc/arm-elf/4.4.2/thumb/interwork/libgcc.a(_arm_cmpdf2.o)
 .debug_aranges
                0x00000100       0x20 /home/osek/gnuarm/lib/gcc/arm-elf/4.4.2/thumb/interwork/libgcc.a(_muldi3.o)
 .debug_aranges
                0x00000120       0x20 /home/osek/gnuarm/lib/gcc/arm-elf/4.4.2/thumb/interwork/libgcc.a(_divdi3.o)
 .debug_aranges
                0x00000140       0x20 /home/osek/gnuarm/lib/gcc/arm-elf/4.4.2/thumb/interwork/libgcc.a(_clzsi2.o)
 .debug_aranges
                0x00000160       0x20 /home/osek/gnuarm/lib/gcc/arm-elf/4.4.2/../../../../arm-elf/lib/thumb/interwork/libc.a(lib_a-memcpy.o)
 .debug_aranges
                0x00000180       0x20 /home/osek/gnuarm/lib/gcc/arm-elf/4.4.2/../../../../arm-elf/lib/thumb/interwork/libc.a(lib_a-memset.o)
 .debug_aranges
                0x000001a0       0x20 /home/osek/gnuarm/lib/gcc/arm-elf/4.4.2/../../../../arm-elf/lib/thumb/interwork/libc.a(lib_a-strcmp.o)
 .debug_aranges
                0x000001c0       0x20 /home/osek/gnuarm/lib/gcc/arm-elf/4.4.2/../../../../arm-elf/lib/thumb/interwork/libc.a(lib_a-strcpy.o)
 .debug_aranges
                0x000001e0       0x20 /home/osek/gnuarm/lib/gcc/arm-elf/4.4.2/../../../../arm-elf/lib/thumb/interwork/libc.a(lib_a-strlen.o)
 .debug_aranges
                0x00000200       0x20 /home/osek/gnuarm/lib/gcc/arm-elf/4.4.2/../../../../arm-elf/lib/thumb/interwork/libc.a(lib_a-strncpy.o)

.debug_loc      0x00000000      0xcd8
 .debug_loc     0x00000000      0x156 /home/osek/gnuarm/lib/gcc/arm-elf/4.4.2/thumb/interwork/libgcc.a(_muldi3.o)
 .debug_loc     0x00000156      0x800 /home/osek/gnuarm/lib/gcc/arm-elf/4.4.2/thumb/interwork/libgcc.a(_divdi3.o)
 .debug_loc     0x00000956      0x13b /home/osek/gnuarm/lib/gcc/arm-elf/4.4.2/../../../../arm-elf/lib/thumb/interwork/libc.a(lib_a-memcpy.o)
 .debug_loc     0x00000a91       0xfc /home/osek/gnuarm/lib/gcc/arm-elf/4.4.2/../../../../arm-elf/lib/thumb/interwork/libc.a(lib_a-memset.o)
 .debug_loc     0x00000b8d       0x13 /home/osek/gnuarm/lib/gcc/arm-elf/4.4.2/../../../../arm-elf/lib/thumb/interwork/libc.a(lib_a-strcmp.o)
 .debug_loc     0x00000ba0       0x13 /home/osek/gnuarm/lib/gcc/arm-elf/4.4.2/../../../../arm-elf/lib/thumb/interwork/libc.a(lib_a-strcpy.o)
 .debug_loc     0x00000bb3       0x26 /home/osek/gnuarm/lib/gcc/arm-elf/4.4.2/../../../../arm-elf/lib/thumb/interwork/libc.a(lib_a-strlen.o)
 .debug_loc     0x00000bd9       0xff /home/osek/gnuarm/lib/gcc/arm-elf/4.4.2/../../../../arm-elf/lib/thumb/interwork/libc.a(lib_a-strncpy.o)

.debug_pubnames
                0x00000000       0xed
 .debug_pubnames
                0x00000000       0x1f /home/osek/gnuarm/lib/gcc/arm-elf/4.4.2/thumb/interwork/libgcc.a(_muldi3.o)
 .debug_pubnames
                0x0000001f       0x1f /home/osek/gnuarm/lib/gcc/arm-elf/4.4.2/thumb/interwork/libgcc.a(_divdi3.o)
 .debug_pubnames
                0x0000003e       0x1d /home/osek/gnuarm/lib/gcc/arm-elf/4.4.2/../../../../arm-elf/lib/thumb/interwork/libc.a(lib_a-memcpy.o)
 .debug_pubnames
                0x0000005b       0x1d /home/osek/gnuarm/lib/gcc/arm-elf/4.4.2/../../../../arm-elf/lib/thumb/interwork/libc.a(lib_a-memset.o)
 .debug_pubnames
                0x00000078       0x1d /home/osek/gnuarm/lib/gcc/arm-elf/4.4.2/../../../../arm-elf/lib/thumb/interwork/libc.a(lib_a-strcmp.o)
 .debug_pubnames
                0x00000095       0x1d /home/osek/gnuarm/lib/gcc/arm-elf/4.4.2/../../../../arm-elf/lib/thumb/interwork/libc.a(lib_a-strcpy.o)
 .debug_pubnames
                0x000000b2       0x1d /home/osek/gnuarm/lib/gcc/arm-elf/4.4.2/../../../../arm-elf/lib/thumb/interwork/libc.a(lib_a-strlen.o)
 .debug_pubnames
                0x000000cf       0x1e /home/osek/gnuarm/lib/gcc/arm-elf/4.4.2/../../../../arm-elf/lib/thumb/interwork/libc.a(lib_a-strncpy.o)

.debug_ranges   0x00000000      0x120
 .debug_ranges  0x00000000       0x40 /home/osek/gnuarm/lib/gcc/arm-elf/4.4.2/thumb/interwork/libgcc.a(_muldi3.o)
 .debug_ranges  0x00000040       0xe0 /home/osek/gnuarm/lib/gcc/arm-elf/4.4.2/thumb/interwork/libgcc.a(_divdi3.o)

.debug_str      0x00000000      0x350
 .debug_str     0x00000000      0x133 /home/osek/gnuarm/lib/gcc/arm-elf/4.4.2/thumb/interwork/libgcc.a(_muldi3.o)
                                0x187 (size before relaxing)
 .debug_str     0x00000133       0x3c /home/osek/gnuarm/lib/gcc/arm-elf/4.4.2/thumb/interwork/libgcc.a(_divdi3.o)
                                0x1ba (size before relaxing)
 .debug_str     0x0000016f       0x6e /home/osek/gnuarm/lib/gcc/arm-elf/4.4.2/../../../../arm-elf/lib/thumb/interwork/libc.a(lib_a-memcpy.o)
                                0x103 (size before relaxing)
 .debug_str     0x000001dd       0x54 /home/osek/gnuarm/lib/gcc/arm-elf/4.4.2/../../../../arm-elf/lib/thumb/interwork/libc.a(lib_a-memset.o)
                                 0xf0 (size before relaxing)
 .debug_str     0x00000231       0x45 /home/osek/gnuarm/lib/gcc/arm-elf/4.4.2/../../../../arm-elf/lib/thumb/interwork/libc.a(lib_a-strcmp.o)
                                 0xda (size before relaxing)
 .debug_str     0x00000276       0x45 /home/osek/gnuarm/lib/gcc/arm-elf/4.4.2/../../../../arm-elf/lib/thumb/interwork/libc.a(lib_a-strcpy.o)
                                 0xda (size before relaxing)
 .debug_str     0x000002bb       0x4d /home/osek/gnuarm/lib/gcc/arm-elf/4.4.2/../../../../arm-elf/lib/thumb/interwork/libc.a(lib_a-strlen.o)
                                 0xe9 (size before relaxing)
 .debug_str     0x00000308       0x48 /home/osek/gnuarm/lib/gcc/arm-elf/4.4.2/../../../../arm-elf/lib/thumb/interwork/libc.a(lib_a-strncpy.o)
                                0x106 (size before relaxing)

Cross Reference Table

Symbol                                            File
ActivateTask                                      build/kernel/task_manage.o
                                                  build/motortest.o
                                                  build/./kernel_cfg.o
CancelAlarm                                       build/kernel/alarm.o
ChainTask                                         build/kernel/task_manage.o
ClearEvent                                        build/kernel/event.o
DisableAllInterrupts                              build/kernel/interrupt.o
EnableAllInterrupts                               build/kernel/interrupt.o
ErrorHook                                         /home/osek/nxtOSEK/ecrobot/../ecrobot/libecrobot.a(osek_hook.o)
                                                  build/kernel/osctl.o
GetActiveApplicationMode                          build/kernel/osctl.o
GetAlarm                                          build/kernel/alarm.o
GetAlarmBase                                      build/kernel/alarm.o
GetEvent                                          build/kernel/event.o
GetResource                                       build/kernel/resource.o
GetTaskID                                         build/kernel/task_manage.o
GetTaskState                                      build/kernel/task_manage.o
NXT_COLORSENSOR_PROTOCOLS                         /home/osek/nxtOSEK/ecrobot/../ecrobot/libecrobot.a(ecrobot_interface.o)
NXT_Entry_Point                                   build/nxt_entry_point.o
                                                  build/nxt_binary_header.o
PostTaskHook                                      /home/osek/nxtOSEK/ecrobot/../ecrobot/libecrobot.a(osek_hook.o)
                                                  build/config/at91sam7s-gnu/cpu_support.oram
                                                  build/kernel/osctl.o
PreTaskHook                                       /home/osek/nxtOSEK/ecrobot/../ecrobot/libecrobot.a(osek_hook.o)
                                                  build/config/at91sam7s-gnu/cpu_support.oram
                                                  build/kernel/osctl.o
ReleaseResource                                   build/kernel/resource.o
ResumeAllInterrupts                               build/kernel/interrupt.o
ResumeOSInterrupts                                build/kernel/interrupt.o
Schedule                                          build/kernel/task_manage.o
SetAbsAlarm                                       build/kernel/alarm.o
SetEvent                                          build/kernel/event.o
SetRelAlarm                                       build/kernel/alarm.o
ShutdownHook                                      /home/osek/nxtOSEK/ecrobot/../ecrobot/libecrobot.a(osek_hook.o)
                                                  build/kernel/osctl.o
ShutdownOS                                        build/kernel/osctl.o
                                                  build/motortest.o
SignalCounter                                     build/kernel/alarm.o
                                                  build/motortest.o
StartOS                                           build/kernel/osctl.o
                                                  build/ecrobot.o
StartupHook                                       /home/osek/nxtOSEK/ecrobot/../ecrobot/libecrobot.a(osek_hook.o)
                                                  build/kernel/osctl.o
SuspendAllInterrupts                              build/kernel/interrupt.o
SuspendOSInterrupts                               build/kernel/interrupt.o
SysTimerCnt                                       build/./kernel_cfg.o
                                                  build/motortest.o
Task1                                             build/./kernel_cfg.o
Task2                                             build/./kernel_cfg.o
                                                  build/motortest.o
TaskMainTask1                                     build/motortest.o
                                                  build/./kernel_cfg.o
TaskMainTask2                                     build/motortest.o
                                                  build/./kernel_cfg.o
TerminateTask                                     build/kernel/task_manage.o
                                                  build/motortest.o
WaitEvent                                         build/kernel/event.o
__adddf3                                          /home/osek/gnuarm/lib/gcc/arm-elf/4.4.2/thumb/interwork/libgcc.a(_arm_addsubdf3.o)
__aeabi_cdcmpeq                                   /home/osek/gnuarm/lib/gcc/arm-elf/4.4.2/thumb/interwork/libgcc.a(_arm_cmpdf2.o)
__aeabi_cdcmple                                   /home/osek/gnuarm/lib/gcc/arm-elf/4.4.2/thumb/interwork/libgcc.a(_arm_cmpdf2.o)
__aeabi_cdrcmple                                  /home/osek/gnuarm/lib/gcc/arm-elf/4.4.2/thumb/interwork/libgcc.a(_arm_cmpdf2.o)
__aeabi_dadd                                      /home/osek/gnuarm/lib/gcc/arm-elf/4.4.2/thumb/interwork/libgcc.a(_arm_addsubdf3.o)
__aeabi_dcmpeq                                    /home/osek/gnuarm/lib/gcc/arm-elf/4.4.2/thumb/interwork/libgcc.a(_arm_cmpdf2.o)
__aeabi_dcmpge                                    /home/osek/gnuarm/lib/gcc/arm-elf/4.4.2/thumb/interwork/libgcc.a(_arm_cmpdf2.o)
__aeabi_dcmpgt                                    /home/osek/gnuarm/lib/gcc/arm-elf/4.4.2/thumb/interwork/libgcc.a(_arm_cmpdf2.o)
__aeabi_dcmple                                    /home/osek/gnuarm/lib/gcc/arm-elf/4.4.2/thumb/interwork/libgcc.a(_arm_cmpdf2.o)
__aeabi_dcmplt                                    /home/osek/gnuarm/lib/gcc/arm-elf/4.4.2/thumb/interwork/libgcc.a(_arm_cmpdf2.o)
__aeabi_ddiv                                      /home/osek/gnuarm/lib/gcc/arm-elf/4.4.2/thumb/interwork/libgcc.a(_arm_muldivdf3.o)
__aeabi_dmul                                      /home/osek/gnuarm/lib/gcc/arm-elf/4.4.2/thumb/interwork/libgcc.a(_arm_muldivdf3.o)
__aeabi_drsub                                     /home/osek/gnuarm/lib/gcc/arm-elf/4.4.2/thumb/interwork/libgcc.a(_arm_addsubdf3.o)
__aeabi_dsub                                      /home/osek/gnuarm/lib/gcc/arm-elf/4.4.2/thumb/interwork/libgcc.a(_arm_addsubdf3.o)
__aeabi_f2d                                       /home/osek/gnuarm/lib/gcc/arm-elf/4.4.2/thumb/interwork/libgcc.a(_arm_addsubdf3.o)
__aeabi_i2d                                       /home/osek/gnuarm/lib/gcc/arm-elf/4.4.2/thumb/interwork/libgcc.a(_arm_addsubdf3.o)
__aeabi_idiv                                      /home/osek/gnuarm/lib/gcc/arm-elf/4.4.2/thumb/interwork/libgcc.a(_divsi3.o)
__aeabi_idiv0                                     /home/osek/gnuarm/lib/gcc/arm-elf/4.4.2/thumb/interwork/libgcc.a(_dvmd_tls.o)
__aeabi_idivmod                                   /home/osek/gnuarm/lib/gcc/arm-elf/4.4.2/thumb/interwork/libgcc.a(_divsi3.o)
__aeabi_l2d                                       /home/osek/gnuarm/lib/gcc/arm-elf/4.4.2/thumb/interwork/libgcc.a(_arm_addsubdf3.o)
__aeabi_ldiv0                                     /home/osek/gnuarm/lib/gcc/arm-elf/4.4.2/thumb/interwork/libgcc.a(_dvmd_tls.o)
__aeabi_ui2d                                      /home/osek/gnuarm/lib/gcc/arm-elf/4.4.2/thumb/interwork/libgcc.a(_arm_addsubdf3.o)
__aeabi_uidiv                                     /home/osek/gnuarm/lib/gcc/arm-elf/4.4.2/thumb/interwork/libgcc.a(_udivsi3.o)
__aeabi_uidivmod                                  /home/osek/gnuarm/lib/gcc/arm-elf/4.4.2/thumb/interwork/libgcc.a(_udivsi3.o)
__aeabi_ul2d                                      /home/osek/gnuarm/lib/gcc/arm-elf/4.4.2/thumb/interwork/libgcc.a(_arm_addsubdf3.o)
__bss_end__                                       build/ecrobot_init.o
__bss_start__                                     build/ecrobot_init.o
__call_posttaskhook_from_arm                      linker stubs
__call_pretaskhook_from_arm                       linker stubs
__clzsi2                                          /home/osek/gnuarm/lib/gcc/arm-elf/4.4.2/thumb/interwork/libgcc.a(_clzsi2.o)
                                                  /home/osek/gnuarm/lib/gcc/arm-elf/4.4.2/thumb/interwork/libgcc.a(_divdi3.o)
__cmpdf2                                          /home/osek/gnuarm/lib/gcc/arm-elf/4.4.2/thumb/interwork/libgcc.a(_arm_cmpdf2.o)
__ctor_begin                                      build/ecrobot_base.o
__ctor_end                                        build/ecrobot_base.o
__data_load_end__                                 build/ecrobot_init.o
__data_load_start__                               build/ecrobot_init.o
__data_ram_start__                                build/ecrobot_init.o
__div0                                            /home/osek/gnuarm/lib/gcc/arm-elf/4.4.2/thumb/interwork/libgcc.a(_dvmd_tls.o)
                                                  /home/osek/gnuarm/lib/gcc/arm-elf/4.4.2/thumb/interwork/libgcc.a(_modsi3.o)
                                                  /home/osek/gnuarm/lib/gcc/arm-elf/4.4.2/thumb/interwork/libgcc.a(_umodsi3.o)
                                                  /home/osek/gnuarm/lib/gcc/arm-elf/4.4.2/thumb/interwork/libgcc.a(_divsi3.o)
                                                  /home/osek/gnuarm/lib/gcc/arm-elf/4.4.2/thumb/interwork/libgcc.a(_udivsi3.o)
__divdf3                                          /home/osek/gnuarm/lib/gcc/arm-elf/4.4.2/thumb/interwork/libgcc.a(_arm_muldivdf3.o)
__divdi3                                          /home/osek/gnuarm/lib/gcc/arm-elf/4.4.2/thumb/interwork/libgcc.a(_divdi3.o)
                                                  /home/osek/nxtOSEK/ecrobot/../ecrobot/libecrobot.a(sound.oram)
__divsi3                                          /home/osek/gnuarm/lib/gcc/arm-elf/4.4.2/thumb/interwork/libgcc.a(_divsi3.o)
                                                  /home/osek/nxtOSEK/ecrobot/../ecrobot/libecrobot.a(sound.oram)
                                                  /home/osek/nxtOSEK/ecrobot/../ecrobot/libecrobot.a(uart.oram)
__dtor_begin                                      build/ecrobot_base.o
__dtor_end                                        build/ecrobot_base.o
__eqdf2                                           /home/osek/gnuarm/lib/gcc/arm-elf/4.4.2/thumb/interwork/libgcc.a(_arm_cmpdf2.o)
__extendsfdf2                                     /home/osek/gnuarm/lib/gcc/arm-elf/4.4.2/thumb/interwork/libgcc.a(_arm_addsubdf3.o)
__floatdidf                                       /home/osek/gnuarm/lib/gcc/arm-elf/4.4.2/thumb/interwork/libgcc.a(_arm_addsubdf3.o)
__floatsidf                                       /home/osek/gnuarm/lib/gcc/arm-elf/4.4.2/thumb/interwork/libgcc.a(_arm_addsubdf3.o)
                                                  /home/osek/nxtOSEK/ecrobot/../ecrobot/libecrobot.a(colorsensor.o)
__floatundidf                                     /home/osek/gnuarm/lib/gcc/arm-elf/4.4.2/thumb/interwork/libgcc.a(_arm_addsubdf3.o)
__floatunsidf                                     /home/osek/gnuarm/lib/gcc/arm-elf/4.4.2/thumb/interwork/libgcc.a(_arm_addsubdf3.o)
__gedf2                                           /home/osek/gnuarm/lib/gcc/arm-elf/4.4.2/thumb/interwork/libgcc.a(_arm_cmpdf2.o)
__gtdf2                                           /home/osek/gnuarm/lib/gcc/arm-elf/4.4.2/thumb/interwork/libgcc.a(_arm_cmpdf2.o)
                                                  /home/osek/nxtOSEK/ecrobot/../ecrobot/libecrobot.a(colorsensor.o)
__irq_stack__                                     build/ecrobot_init.o
__ledf2                                           /home/osek/gnuarm/lib/gcc/arm-elf/4.4.2/thumb/interwork/libgcc.a(_arm_cmpdf2.o)
__ltdf2                                           /home/osek/gnuarm/lib/gcc/arm-elf/4.4.2/thumb/interwork/libgcc.a(_arm_cmpdf2.o)
__modsi3                                          /home/osek/gnuarm/lib/gcc/arm-elf/4.4.2/thumb/interwork/libgcc.a(_modsi3.o)
                                                  /home/osek/nxtOSEK/ecrobot/../ecrobot/libecrobot.a(flash_loader.oram)
                                                  /home/osek/nxtOSEK/ecrobot/../ecrobot/libecrobot.a(sound.oram)
__muldf3                                          /home/osek/gnuarm/lib/gcc/arm-elf/4.4.2/thumb/interwork/libgcc.a(_arm_muldivdf3.o)
                                                  /home/osek/nxtOSEK/ecrobot/../ecrobot/libecrobot.a(colorsensor.o)
__muldi3                                          /home/osek/gnuarm/lib/gcc/arm-elf/4.4.2/thumb/interwork/libgcc.a(_muldi3.o)
                                                  /home/osek/nxtOSEK/ecrobot/../ecrobot/libecrobot.a(sound.oram)
__nedf2                                           /home/osek/gnuarm/lib/gcc/arm-elf/4.4.2/thumb/interwork/libgcc.a(_arm_cmpdf2.o)
__ramtext_load_end__                              build/ecrobot_init.o
__ramtext_load_start__                            build/ecrobot_init.o
__ramtext_ram_start__                             build/ecrobot_init.o
__stack_end__                                     build/ecrobot_init.o
__stack_start__                                   build/ecrobot_init.o
__subdf3                                          /home/osek/gnuarm/lib/gcc/arm-elf/4.4.2/thumb/interwork/libgcc.a(_arm_addsubdf3.o)
__system_stack__                                  build/config/at91sam7s-gnu/cpu_support.oram
                                                  build/ecrobot_init.o
__udivsi3                                         /home/osek/gnuarm/lib/gcc/arm-elf/4.4.2/thumb/interwork/libgcc.a(_udivsi3.o)
                                                  /home/osek/gnuarm/lib/gcc/arm-elf/4.4.2/thumb/interwork/libgcc.a(_divdi3.o)
                                                  /home/osek/nxtOSEK/ecrobot/../ecrobot/libecrobot.a(sound.oram)
                                                  /home/osek/nxtOSEK/ecrobot/../ecrobot/libecrobot.a(display.oram)
                                                  /home/osek/nxtOSEK/ecrobot/../ecrobot/libecrobot.a(ecrobot_interface.o)
                                                  build/ecrobot_base.o
__umodsi3                                         /home/osek/gnuarm/lib/gcc/arm-elf/4.4.2/thumb/interwork/libgcc.a(_umodsi3.o)
                                                  /home/osek/gnuarm/lib/gcc/arm-elf/4.4.2/thumb/interwork/libgcc.a(_divdi3.o)
                                                  /home/osek/nxtOSEK/ecrobot/../ecrobot/libecrobot.a(display.oram)
__vectors_load_end__                              build/ecrobot_init.o
__vectors_load_start__                            build/ecrobot_init.o
__vectors_ram_start__                             build/ecrobot_init.o
_errorhook_par1                                   build/kernel/task_manage.o
                                                  build/kernel/resource.o
                                                  build/kernel/osctl.o
                                                  build/kernel/event.o
                                                  build/kernel/alarm.o
_errorhook_par2                                   build/kernel/task_manage.o
                                                  build/kernel/osctl.o
                                                  build/kernel/event.o
                                                  build/kernel/alarm.o
_errorhook_par3                                   build/kernel/osctl.o
                                                  build/kernel/alarm.o
_errorhook_svcid                                  build/kernel/osctl.o
_interrupt                                        build/config/at91sam7s-gnu/cpu_support.oram
                                                  build/config/at91sam7s-gnu/irq.oram
_sbrk_r                                           build/syscalls.o
activate_r                                        build/config/at91sam7s-gnu/cpu_support.oram
                                                  build/kernel/task.o
add_status_info                                   build/ecrobot_base.o
                                                  build/ecrobot.o
                                                  build/ecrobot_bluetooth.o
aic_clear                                         /home/osek/nxtOSEK/ecrobot/../ecrobot/libecrobot.a(aic.oram)
                                                  /home/osek/nxtOSEK/ecrobot/../ecrobot/libecrobot.a(bt.oram)
                                                  /home/osek/nxtOSEK/ecrobot/../ecrobot/libecrobot.a(sound.oram)
aic_initialise                                    /home/osek/nxtOSEK/ecrobot/../ecrobot/libecrobot.a(aic.oram)
                                                  /home/osek/nxtOSEK/ecrobot/../ecrobot/libecrobot.a(flash_loader.oram)
aic_mask_off                                      /home/osek/nxtOSEK/ecrobot/../ecrobot/libecrobot.a(aic.oram)
                                                  /home/osek/nxtOSEK/ecrobot/../ecrobot/libecrobot.a(bt.oram)
                                                  /home/osek/nxtOSEK/ecrobot/../ecrobot/libecrobot.a(i2c.oram)
                                                  /home/osek/nxtOSEK/ecrobot/../ecrobot/libecrobot.a(nxt_motors.oram)
                                                  /home/osek/nxtOSEK/ecrobot/../ecrobot/libecrobot.a(nxt_spi.oram)
                                                  /home/osek/nxtOSEK/ecrobot/../ecrobot/libecrobot.a(twi.oram)
                                                  /home/osek/nxtOSEK/ecrobot/../ecrobot/libecrobot.a(udp.oram)
                                                  /home/osek/nxtOSEK/ecrobot/../ecrobot/libecrobot.a(systick.oram)
                                                  /home/osek/nxtOSEK/ecrobot/../ecrobot/libecrobot.a(uart.oram)
aic_mask_on                                       /home/osek/nxtOSEK/ecrobot/../ecrobot/libecrobot.a(aic.oram)
                                                  /home/osek/nxtOSEK/ecrobot/../ecrobot/libecrobot.a(sound.oram)
                                                  /home/osek/nxtOSEK/ecrobot/../ecrobot/libecrobot.a(i2c.oram)
                                                  /home/osek/nxtOSEK/ecrobot/../ecrobot/libecrobot.a(nxt_motors.oram)
                                                  /home/osek/nxtOSEK/ecrobot/../ecrobot/libecrobot.a(nxt_spi.oram)
                                                  /home/osek/nxtOSEK/ecrobot/../ecrobot/libecrobot.a(twi.oram)
                                                  /home/osek/nxtOSEK/ecrobot/../ecrobot/libecrobot.a(udp.oram)
                                                  /home/osek/nxtOSEK/ecrobot/../ecrobot/libecrobot.a(systick.oram)
                                                  /home/osek/nxtOSEK/ecrobot/../ecrobot/libecrobot.a(uart.oram)
aic_set_vector                                    /home/osek/nxtOSEK/ecrobot/../ecrobot/libecrobot.a(aic.oram)
                                                  /home/osek/nxtOSEK/ecrobot/../ecrobot/libecrobot.a(sound.oram)
                                                  /home/osek/nxtOSEK/ecrobot/../ecrobot/libecrobot.a(i2c.oram)
                                                  /home/osek/nxtOSEK/ecrobot/../ecrobot/libecrobot.a(nxt_motors.oram)
                                                  /home/osek/nxtOSEK/ecrobot/../ecrobot/libecrobot.a(nxt_spi.oram)
                                                  /home/osek/nxtOSEK/ecrobot/../ecrobot/libecrobot.a(twi.oram)
                                                  /home/osek/nxtOSEK/ecrobot/../ecrobot/libecrobot.a(udp.oram)
                                                  /home/osek/nxtOSEK/ecrobot/../ecrobot/libecrobot.a(systick.oram)
                                                  /home/osek/nxtOSEK/ecrobot/../ecrobot/libecrobot.a(uart.oram)
al_100ms                                          build/./kernel_cfg.o
alarm_initialize                                  build/kernel/alarm.o
                                                  build/./kernel_cfg.o
almcb_almval                                      build/./kernel_cfg.o
                                                  build/kernel/alarm.o
almcb_cycle                                       build/./kernel_cfg.o
                                                  build/kernel/alarm.o
almcb_next                                        build/./kernel_cfg.o
                                                  build/kernel/alarm.o
almcb_prev                                        build/./kernel_cfg.o